Archive member included to satisfy reference by file (symbol)

c:/program files (x86)/atmel/studio/7.0/toolchain/avr8/avr8-gnu-toolchain/bin/../lib/gcc/avr/5.4.0/../../../../avr/lib/avr5\libm.a(addsf3.o)
                              Math_Helpers.o (__subsf3)
c:/program files (x86)/atmel/studio/7.0/toolchain/avr8/avr8-gnu-toolchain/bin/../lib/gcc/avr/5.4.0/../../../../avr/lib/avr5\libm.a(addsf3x.o)
                              c:/program files (x86)/atmel/studio/7.0/toolchain/avr8/avr8-gnu-toolchain/bin/../lib/gcc/avr/5.4.0/../../../../avr/lib/avr5\libm.a(addsf3.o) (__addsf3x)
c:/program files (x86)/atmel/studio/7.0/toolchain/avr8/avr8-gnu-toolchain/bin/../lib/gcc/avr/5.4.0/../../../../avr/lib/avr5\libm.a(cmpsf2.o)
                              Math_Helpers.o (__ltsf2)
c:/program files (x86)/atmel/studio/7.0/toolchain/avr8/avr8-gnu-toolchain/bin/../lib/gcc/avr/5.4.0/../../../../avr/lib/avr5\libm.a(divsf3.o)
                              Math_Helpers.o (__divsf3)
c:/program files (x86)/atmel/studio/7.0/toolchain/avr8/avr8-gnu-toolchain/bin/../lib/gcc/avr/5.4.0/../../../../avr/lib/avr5\libm.a(divsf3x.o)
                              c:/program files (x86)/atmel/studio/7.0/toolchain/avr8/avr8-gnu-toolchain/bin/../lib/gcc/avr/5.4.0/../../../../avr/lib/avr5\libm.a(divsf3.o) (__divsf3x)
c:/program files (x86)/atmel/studio/7.0/toolchain/avr8/avr8-gnu-toolchain/bin/../lib/gcc/avr/5.4.0/../../../../avr/lib/avr5\libm.a(fixunssfsi.o)
                              Sketch.o (__fixunssfsi)
c:/program files (x86)/atmel/studio/7.0/toolchain/avr8/avr8-gnu-toolchain/bin/../lib/gcc/avr/5.4.0/../../../../avr/lib/avr5\libm.a(floatsisf.o)
                              Sketch.o (__floatunsisf)
c:/program files (x86)/atmel/studio/7.0/toolchain/avr8/avr8-gnu-toolchain/bin/../lib/gcc/avr/5.4.0/../../../../avr/lib/avr5\libm.a(fp_cmp.o)
                              c:/program files (x86)/atmel/studio/7.0/toolchain/avr8/avr8-gnu-toolchain/bin/../lib/gcc/avr/5.4.0/../../../../avr/lib/avr5\libm.a(cmpsf2.o) (__fp_cmp)
c:/program files (x86)/atmel/studio/7.0/toolchain/avr8/avr8-gnu-toolchain/bin/../lib/gcc/avr/5.4.0/../../../../avr/lib/avr5\libm.a(fp_inf.o)
                              c:/program files (x86)/atmel/studio/7.0/toolchain/avr8/avr8-gnu-toolchain/bin/../lib/gcc/avr/5.4.0/../../../../avr/lib/avr5\libm.a(addsf3x.o) (__fp_inf)
c:/program files (x86)/atmel/studio/7.0/toolchain/avr8/avr8-gnu-toolchain/bin/../lib/gcc/avr/5.4.0/../../../../avr/lib/avr5\libm.a(fp_nan.o)
                              c:/program files (x86)/atmel/studio/7.0/toolchain/avr8/avr8-gnu-toolchain/bin/../lib/gcc/avr/5.4.0/../../../../avr/lib/avr5\libm.a(addsf3x.o) (__fp_nan)
c:/program files (x86)/atmel/studio/7.0/toolchain/avr8/avr8-gnu-toolchain/bin/../lib/gcc/avr/5.4.0/../../../../avr/lib/avr5\libm.a(fp_pscA.o)
                              c:/program files (x86)/atmel/studio/7.0/toolchain/avr8/avr8-gnu-toolchain/bin/../lib/gcc/avr/5.4.0/../../../../avr/lib/avr5\libm.a(addsf3x.o) (__fp_pscA)
c:/program files (x86)/atmel/studio/7.0/toolchain/avr8/avr8-gnu-toolchain/bin/../lib/gcc/avr/5.4.0/../../../../avr/lib/avr5\libm.a(fp_pscB.o)
                              c:/program files (x86)/atmel/studio/7.0/toolchain/avr8/avr8-gnu-toolchain/bin/../lib/gcc/avr/5.4.0/../../../../avr/lib/avr5\libm.a(addsf3x.o) (__fp_pscB)
c:/program files (x86)/atmel/studio/7.0/toolchain/avr8/avr8-gnu-toolchain/bin/../lib/gcc/avr/5.4.0/../../../../avr/lib/avr5\libm.a(fp_round.o)
                              c:/program files (x86)/atmel/studio/7.0/toolchain/avr8/avr8-gnu-toolchain/bin/../lib/gcc/avr/5.4.0/../../../../avr/lib/avr5\libm.a(addsf3.o) (__fp_round)
c:/program files (x86)/atmel/studio/7.0/toolchain/avr8/avr8-gnu-toolchain/bin/../lib/gcc/avr/5.4.0/../../../../avr/lib/avr5\libm.a(fp_split3.o)
                              c:/program files (x86)/atmel/studio/7.0/toolchain/avr8/avr8-gnu-toolchain/bin/../lib/gcc/avr/5.4.0/../../../../avr/lib/avr5\libm.a(addsf3x.o) (__fp_split3)
c:/program files (x86)/atmel/studio/7.0/toolchain/avr8/avr8-gnu-toolchain/bin/../lib/gcc/avr/5.4.0/../../../../avr/lib/avr5\libm.a(fp_zero.o)
                              c:/program files (x86)/atmel/studio/7.0/toolchain/avr8/avr8-gnu-toolchain/bin/../lib/gcc/avr/5.4.0/../../../../avr/lib/avr5\libm.a(addsf3x.o) (__fp_zero)
c:/program files (x86)/atmel/studio/7.0/toolchain/avr8/avr8-gnu-toolchain/bin/../lib/gcc/avr/5.4.0/../../../../avr/lib/avr5\libm.a(gesf2.o)
                              Math_Helpers.o (__gtsf2)
c:/program files (x86)/atmel/studio/7.0/toolchain/avr8/avr8-gnu-toolchain/bin/../lib/gcc/avr/5.4.0/../../../../avr/lib/avr5\libm.a(mulsf3.o)
                              Math_Helpers.o (__mulsf3)
c:/program files (x86)/atmel/studio/7.0/toolchain/avr8/avr8-gnu-toolchain/bin/../lib/gcc/avr/5.4.0/../../../../avr/lib/avr5\libm.a(mulsf3x.o)
[...]
Memory Configuration

Name             Origin             Length             Attributes
text             0x00000000         0x00020000         xr
data             0x00800060         0x0000ffa0         rw !x
eeprom           0x00810000         0x00010000         rw !x
fuse             0x00820000         0x00000003         rw !x
lock             0x00830000         0x00000400         rw !x
signature        0x00840000         0x00000400         rw !x
user_signatures  0x00850000         0x00000400         rw !x
*default*        0x00000000         0xffffffff

Linker script and memory map

Address of section .data set to 0x800100
LOAD C:/Program Files (x86)/Atmel/Studio/7.0/Packs/atmel/ATmega_DFP/1.2.209/gcc/dev/atmega328p/avr5/crtatmega328p.o
LOAD ADC_Configuration.o
LOAD Math_Helpers.o
LOAD Serial_Commands.o
LOAD Serial_Processing.o
LOAD Sketch.o
LOAD Step_Output_Configuration.o
START GROUP
LOAD c:/program files (x86)/atmel/studio/7.0/toolchain/avr8/avr8-gnu-toolchain/bin/../lib/gcc/avr/5.4.0/../../../../avr/lib/avr5\libm.a
LOAD C:\Users\Anthony\DOCUME~1\ATMELS~1\7.0\SPOOLE~1\SPOOLE~1\ARDUIN~1\Debug\libArduinoCore.a
END GROUP
LOAD c:/program files (x86)/atmel/studio/7.0/toolchain/avr8/avr8-gnu-toolchain/bin/../lib/gcc/avr/5.4.0/avr5\libgcc.a
LOAD c:/program files (x86)/atmel/studio/7.0/toolchain/avr8/avr8-gnu-toolchain/bin/../lib/gcc/avr/5.4.0/../../../../avr/lib/avr5\libm.a
START GROUP
LOAD c:/program files (x86)/atmel/studio/7.0/toolchain/avr8/avr8-gnu-toolchain/bin/../lib/gcc/avr/5.4.0/avr5\libgcc.a
LOAD c:/program files (x86)/atmel/studio/7.0/toolchain/avr8/avr8-gnu-toolchain/bin/../lib/gcc/avr/5.4.0/../../../../avr/lib/avr5\libm.a
LOAD c:/program files (x86)/atmel/studio/7.0/toolchain/avr8/avr8-gnu-toolchain/bin/../lib/gcc/avr/5.4.0/../../../../avr/lib/avr5\libc.a
LOAD C:/Program Files (x86)/Atmel/Studio/7.0/Packs/atmel/ATmega_DFP/1.2.209/gcc/dev/atmega328p/avr5\libatmega328p.a
END GROUP
                0x00020000                __TEXT_REGION_LENGTH__ = DEFINED (__TEXT_REGION_LENGTH__)?__TEXT_REGION_LENGTH__:0x20000
                0x0000ffa0                __DATA_REGION_LENGTH__ = DEFINED (__DATA_REGION_LENGTH__)?__DATA_REGION_LENGTH__:0xffa0
                0x00010000                __EEPROM_REGION_LENGTH__ = DEFINED (__EEPROM_REGION_LENGTH__)?__EEPROM_REGION_LENGTH__:0x10000
                [0x00000003]                __FUSE_REGION_LENGTH__ = DEFINED (__FUSE_REGION_LENGTH__)?__FUSE_REGION_LENGTH__:0x400
                0x00000400                __LOCK_REGION_LENGTH__ = DEFINED (__LOCK_REGION_LENGTH__)?__LOCK_REGION_LENGTH__:0x400
                0x00000400                __SIGNATURE_REGION_LENGTH__ = DEFINED (__SIGNATURE_REGION_LENGTH__)?__SIGNATURE_REGION_LENGTH__:0x400
                0x00000400                __USER_SIGNATURE_REGION_LENGTH__ = DEFINED (__USER_SIGNATURE_REGION_LENGTH__)?__USER_SIGNATURE_REGION_LENGTH__:0x400

.hash
 *(.hash)

.dynsym
 *(.dynsym)

.dynstr
 *(.dynstr)

.gnu.version
 *(.gnu.version)

.gnu.version_d
 *(.gnu.version_d)

.gnu.version_r
 *(.gnu.version_r)

.rel.init
 *(.rel.init)

.rela.init
 *(.rela.init)

.rel.text
 *(.rel.text)
 *(.rel.text.*)
 *(.rel.gnu.linkonce.t*)

.rela.text
 *(.rela.text)
 *(.rela.text.*)
 *(.rela.gnu.linkonce.t*)

.rel.fini
 *(.rel.fini)

.rela.fini
 *(.rela.fini)

.rel.rodata
 *(.rel.rodata)
 *(.rel.rodata.*)
 *(.rel.gnu.linkonce.r*)

.rela.rodata
 *(.rela.rodata)
 *(.rela.rodata.*)
 *(.rela.gnu.linkonce.r*)

.rel.data
 *(.rel.data)
 *(.rel.data.*)
 *(.rel.gnu.linkonce.d*)

.rela.data
 *(.rela.data)
 *(.rela.data.*)
 *(.rela.gnu.linkonce.d*)

.rel.ctors
 *(.rel.ctors)

.rela.ctors
 *(.rela.ctors)

.rel.dtors
 *(.rel.dtors)

.rela.dtors
 *(.rela.dtors)

.rel.got
 *(.rel.got)

.rela.got
 *(.rela.got)

.rel.bss
 *(.rel.bss)

.rela.bss
 *(.rela.bss)

.rel.plt
 *(.rel.plt)

.rela.plt
 *(.rela.plt)

.text           0x00000000     0x3d32
 *(.vectors)
 .vectors       0x00000000       0x68 C:/Program Files (x86)/Atmel/Studio/7.0/Packs/atmel/ATmega_DFP/1.2.209/gcc/dev/atmega328p/avr5/crtatmega328p.o
                0x00000000                __vector_default
                0x00000000                __vectors
 *(.vectors)
 *(.progmem.gcc*)
                0x00000068                . = ALIGN (0x2)
                0x00000068                __trampolines_start = .
 *(.trampolines)
 .trampolines   0x00000068        0x0 linker stubs
 *(.trampolines*)
                0x00000068                __trampolines_end = .
 *libprintf_flt.a:*(.progmem.data)
 *libc.a:*(.progmem.data)
 *(.progmem*)
 .progmem.data._ZL34digital_pin_to_port_bit_number_PGM
                0x00000068       0x14 Sketch.o
 .progmem.data.digital_pin_to_bit_mask_PGM
                0x0000007c       0x14 C:\Users\Anthony\DOCUME~1\ATMELS~1\7.0\SPOOLE~1\SPOOLE~1\ARDUIN~1\Debug\libArduinoCore.a(wiring_digital.o)
                0x0000007c                digital_pin_to_bit_mask_PGM
 .progmem.data.digital_pin_to_port_PGM
                0x00000090       0x14 C:\Users\Anthony\DOCUME~1\ATMELS~1\7.0\SPOOLE~1\SPOOLE~1\ARDUIN~1\Debug\libArduinoCore.a(wiring_digital.o)
                0x00000090                digital_pin_to_port_PGM
 .progmem.data.port_to_input_PGM
                0x000000a4        0xa C:\Users\Anthony\DOCUME~1\ATMELS~1\7.0\SPOOLE~1\SPOOLE~1\ARDUIN~1\Debug\libArduinoCore.a(wiring_digital.o)
                0x000000a4                port_to_input_PGM
 .progmem.data.port_to_output_PGM
                0x000000ae        0xa C:\Users\Anthony\DOCUME~1\ATMELS~1\7.0\SPOOLE~1\SPOOLE~1\ARDUIN~1\Debug\libArduinoCore.a(wiring_digital.o)
                0x000000ae                port_to_output_PGM
 .progmem.data.port_to_mode_PGM
                0x000000b8        0xa C:\Users\Anthony\DOCUME~1\ATMELS~1\7.0\SPOOLE~1\SPOOLE~1\ARDUIN~1\Debug\libArduinoCore.a(wiring_digital.o)
                0x000000b8                port_to_mode_PGM
                0x000000c2                . = ALIGN (0x2)
 *(.jumptables)
 *(.jumptables*)
 *(.lowtext)
 *(.lowtext*)
                0x000000c2                __ctors_start = .
 *(.ctors)
 .ctors         0x000000c2        0x2 Sketch.o
 .ctors         0x000000c4        0x2 C:\Users\Anthony\DOCUME~1\ATMELS~1\7.0\SPOOLE~1\SPOOLE~1\ARDUIN~1\Debug\libArduinoCore.a(HardwareSerial0.o)
                0x000000c6                __ctors_end = .
                0x000000c6                __dtors_start = .
 *(.dtors)
 .dtors         0x000000c6        0x2 Sketch.o
                0x000000c8                __dtors_end = .
 SORT(*)(.ctors)
 SORT(*)(.dtors)
 *(.init0)
 .init0         0x000000c8        0x0 C:/Program Files (x86)/Atmel/Studio/7.0/Packs/atmel/ATmega_DFP/1.2.209/gcc/dev/atmega328p/avr5/crtatmega328p.o
                0x000000c8                __init
 *(.init0)
 *(.init1)
 *(.init1)
 *(.init2)
 .init2         0x000000c8        0xc C:/Program Files (x86)/Atmel/Studio/7.0/Packs/atmel/ATmega_DFP/1.2.209/gcc/dev/atmega328p/avr5/crtatmega328p.o
 *(.init2)
 *(.init3)
 *(.init3)
 *(.init4)
 .init4         0x000000d4       0x16 c:/program files (x86)/atmel/studio/7.0/toolchain/avr8/avr8-gnu-toolchain/bin/../lib/gcc/avr/5.4.0/avr5\libgcc.a(_copy_data.o)
                0x000000d4                __do_copy_data
 .init4         0x000000ea       0x10 c:/program files (x86)/atmel/studio/7.0/toolchain/avr8/avr8-gnu-toolchain/bin/../lib/gcc/avr/5.4.0/avr5\libgcc.a(_clear_bss.o)
                0x000000ea                __do_clear_bss
 *(.init4)
 *(.init5)
 *(.init5)
 *(.init6)
 .init6         0x000000fa       0x16 c:/program files (x86)/atmel/studio/7.0/toolchain/avr8/avr8-gnu-toolchain/bin/../lib/gcc/avr/5.4.0/avr5\libgcc.a(_ctors.o)
                0x000000fa                __do_global_ctors
 *(.init6)
 *(.init7)
 *(.init7)
 *(.init8)
 *(.init8)
 *(.init9)
 .init9         0x00000110        0x8 C:/Program Files (x86)/Atmel/Studio/7.0/Packs/atmel/ATmega_DFP/1.2.209/gcc/dev/atmega328p/avr5/crtatmega328p.o
 *(.init9)
 *(.text)
 .text          0x00000118        0x4 C:/Program Files (x86)/Atmel/Studio/7.0/Packs/atmel/ATmega_DFP/1.2.209/gcc/dev/atmega328p/avr5/crtatmega328p.o
                0x00000118                __vector_22
                0x00000118                __vector_24
                0x00000118                __vector_12
                0x00000118                __bad_interrupt
                0x00000118                __vector_6
                0x00000118                __vector_23
                0x00000118                __vector_25
                0x00000118                __vector_17
                0x00000118                __vector_7
                0x00000118                __vector_9
                0x00000118                __vector_21
                0x00000118                __vector_15
                0x00000118                __vector_8
                0x00000118                __vector_14
                0x00000118                __vector_10
                0x00000118                __vector_20
                0x0000011c                . = ALIGN (0x2)
 *(.text.*)
 .text._ZN17ADC_ConfigurationC2Ev
                0x0000011c       0x1a ADC_Configuration.o
                0x0000011c                _ZN17ADC_ConfigurationC2Ev
                0x0000011c                _ZN17ADC_ConfigurationC1Ev
 .text._ZN17ADC_Configuration8SetupADCEv
                0x00000136       0x46 ADC_Configuration.o
                0x00000136                _ZN17ADC_Configuration8SetupADCEv
 .text._ZN17ADC_ConfigurationD2Ev
                0x0000017c       0x1a ADC_Configuration.o
                0x0000017c                _ZN17ADC_ConfigurationD2Ev
                0x0000017c                _ZN17ADC_ConfigurationD1Ev
 .text._ZN12Math_HelpersC2Ev
                0x00000196       0x1a Math_Helpers.o
                0x00000196                _ZN12Math_HelpersC1Ev
                0x00000196                _ZN12Math_HelpersC2Ev
 .text._ZN12Math_HelpersD2Ev
                0x000001b0       0x1a Math_Helpers.o
                0x000001b0                _ZN12Math_HelpersD2Ev
                0x000001b0                _ZN12Math_HelpersD1Ev
 .text._ZL8home_cmdiPcS_
                0x000001ca       0x3e Serial_Commands.o
 .text._ZL12getSteps_cmdiPcS_
                0x00000208       0x4e Serial_Commands.o
 .text._ZL15traverseRPM_cmdiPcS_
                0x00000256      0x17c Serial_Commands.o
 .text._ZL10status_cmdiPcS_
                0x000003d2       0xc6 Serial_Commands.o
 .text._ZL8stop_cmdiPcS_
                0x00000498       0x34 Serial_Commands.o
 .text._ZL11runMode_cmdiPcS_
                0x000004cc      0x138 Serial_Commands.o
 .text._ZL16moveAbsolute_cmdiPcS_
                0x00000604      0x184 Serial_Commands.o
 .text._ZL12spoolRPM_cmdiPcS_
                0x00000788       0x84 Serial_Commands.o
 .text._ZL15innerOffset_cmdiPcS_
                0x0000080c      0x140 Serial_Commands.o
 .text._ZL14spoolWidth_cmdiPcS_
                0x0000094c      0x140 Serial_Commands.o
 .text._ZL20filamentDiameter_cmdiPcS_
                0x00000a8c      0x140 Serial_Commands.o
 .text._ZN15Serial_Commands15commandsProcessEv
                0x00000bcc       0x54 Serial_Commands.o
                0x00000bcc                _ZN15Serial_Commands15commandsProcessEv
 .text._Z17BuildSerialOutputPciS_j
                0x00000c20       0x7a Serial_Commands.o
                0x00000c20                _Z17BuildSerialOutputPciS_j
 .text._ZN15Serial_CommandsC2Ev
                0x00000c9a       0x1a Serial_Commands.o
                0x00000c9a                _ZN15Serial_CommandsC1Ev
                0x00000c9a                _ZN15Serial_CommandsC2Ev
 .text._ZN15Serial_CommandsD2Ev
                0x00000cb4       0x1a Serial_Commands.o
                0x00000cb4                _ZN15Serial_CommandsD2Ev
                0x00000cb4                _ZN15Serial_CommandsD1Ev
 .text._ZN17Serial_ProcessingC2Ev
                0x00000cce       0x4e Serial_Processing.o
                0x00000cce                _ZN17Serial_ProcessingC2Ev
                0x00000cce                _ZN17Serial_ProcessingC1Ev
 .text._ZN17Serial_Processing15CommandsProcessEP8sCommand
                0x00000d1c       0xc2 Serial_Processing.o
                0x00000d1c                _ZN17Serial_Processing15CommandsProcessEP8sCommand
 .text._ZN17Serial_Processing12CommandParseEP8sCommandPc
                0x00000dde      0x1da Serial_Processing.o
                0x00000dde                _ZN17Serial_Processing12CommandParseEP8sCommandPc
 .text._ZN17Serial_Processing8strcicmpEPKcS1_
                0x00000fb8       0x98 Serial_Processing.o
                0x00000fb8                _ZN17Serial_Processing8strcicmpEPKcS1_
 .text._ZN17Serial_ProcessingD2Ev
                0x00001050       0x1a Serial_Processing.o
                0x00001050                _ZN17Serial_ProcessingD1Ev
                0x00001050                _ZN17Serial_ProcessingD2Ev
 .text._ZN14HardwareSerial5beginEm
                0x0000106a       0x46 Sketch.o
                0x0000106a                _ZN14HardwareSerial5beginEm
 .text._Z15enableInterrupthPFvvEh
                0x000010b0      0x3a8 Sketch.o
                0x000010b0                _Z15enableInterrupthPFvvEh
 .text.__vector_1
                0x00001458       0x62 Sketch.o
                0x00001458                __vector_1
 .text.__vector_2
                0x000014ba       0x62 Sketch.o
                0x000014ba                __vector_2
 .text.__vector_3
                0x0000151c      0x15a Sketch.o
                0x0000151c                __vector_3
 .text.__vector_4
                0x00001676      0x15a Sketch.o
                0x00001676                __vector_4
 .text.__vector_5
                0x000017d0      0x186 Sketch.o
                0x000017d0                __vector_5
 .text.__vector_13
                0x00001956      0x1e8 Sketch.o
                0x00001956                __vector_13
 .text.__vector_11
                0x00001b3e      0x1ca Sketch.o
                0x00001b3e                __vector_11
 .text._Z17spoolPulse_Vectorv
                0x00001d08      0x12c Sketch.o
                0x00001d08                _Z17spoolPulse_Vectorv
 .text.setup    0x00001e34       0x9a Sketch.o
                0x00001e34                setup
 .text.loop     0x00001ece      0x572 Sketch.o
                0x00001ece                loop
 .text._Z16ToggleStepOutputv
                0x00002440       0x40 Sketch.o
                0x00002440                _Z16ToggleStepOutputv
 .text._Z20MoveAbsolutePositionmm
                0x00002480       0x60 Sketch.o
                0x00002480                _Z20MoveAbsolutePositionmm
 .text._Z20MoveRelativePositionll
                0x000024e0       0x78 Sketch.o
                0x000024e0                _Z20MoveRelativePositionll
 .text._Z4homev
                0x00002558      0x31e Sketch.o
                0x00002558                _Z4homev
 .text._Z9MMToStepsm
                0x00002876       0xb6 Sketch.o
                0x00002876                _Z9MMToStepsm
 .text._Z16Set_Traverse_RPMl
                0x0000292c       0xac Sketch.o
                0x0000292c                _Z16Set_Traverse_RPMl
 .text._Z41__static_initialization_and_destruction_0ii
                0x000029d8       0xbc Sketch.o
 .text._GLOBAL__sub_I_pcmsk
                0x00002a94       0x1a Sketch.o
 .text._GLOBAL__sub_D_pcmsk
                0x00002aae       0x1a Sketch.o
 .text._ZN25Step_Output_ConfigurationC2Ev
                0x00002ac8       0x1a Step_Output_Configuration.o
                0x00002ac8                _ZN25Step_Output_ConfigurationC1Ev
                0x00002ac8                _ZN25Step_Output_ConfigurationC2Ev
 .text._ZN25Step_Output_Configuration15SetupStepOutputEv
                0x00002ae2       0x3e Step_Output_Configuration.o
                0x00002ae2                _ZN25Step_Output_Configuration15SetupStepOutputEv
 .text._ZN25Step_Output_ConfigurationD2Ev
                0x00002b20       0x1a Step_Output_Configuration.o
                0x00002b20                _ZN25Step_Output_ConfigurationD2Ev
                0x00002b20                _ZN25Step_Output_ConfigurationD1Ev
 .text._ZN14HardwareSerial9availableEv
                0x00002b3a       0x18 C:\Users\Anthony\DOCUME~1\ATMELS~1\7.0\SPOOLE~1\SPOOLE~1\ARDUIN~1\Debug\libArduinoCore.a(HardwareSerial.o)
                0x00002b3a                _ZN14HardwareSerial9availableEv
 .text._ZN14HardwareSerial4peekEv
                0x00002b52       0x1c C:\Users\Anthony\DOCUME~1\ATMELS~1\7.0\SPOOLE~1\SPOOLE~1\ARDUIN~1\Debug\libArduinoCore.a(HardwareSerial.o)
                0x00002b52                _ZN14HardwareSerial4peekEv
 .text._ZN14HardwareSerial4readEv
                0x00002b6e       0x28 C:\Users\Anthony\DOCUME~1\ATMELS~1\7.0\SPOOLE~1\SPOOLE~1\ARDUIN~1\Debug\libArduinoCore.a(HardwareSerial.o)
                0x00002b6e                _ZN14HardwareSerial4readEv
 .text._ZN14HardwareSerial17availableForWriteEv
                0x00002b96       0x1e C:\Users\Anthony\DOCUME~1\ATMELS~1\7.0\SPOOLE~1\SPOOLE~1\ARDUIN~1\Debug\libArduinoCore.a(HardwareSerial.o)
                0x00002b96                _ZN14HardwareSerial17availableForWriteEv
 .text._Z14serialEventRunv
                0x00002bb4       0x1c C:\Users\Anthony\DOCUME~1\ATMELS~1\7.0\SPOOLE~1\SPOOLE~1\ARDUIN~1\Debug\libArduinoCore.a(HardwareSerial.o)
                0x00002bb4                _Z14serialEventRunv
 .text._ZN14HardwareSerial17_tx_udr_empty_irqEv
                0x00002bd0       0x44 C:\Users\Anthony\DOCUME~1\ATMELS~1\7.0\SPOOLE~1\SPOOLE~1\ARDUIN~1\Debug\libArduinoCore.a(HardwareSerial.o)
                0x00002bd0                _ZN14HardwareSerial17_tx_udr_empty_irqEv
 .text._ZN14HardwareSerial5writeEh
                0x00002c14       0x9a C:\Users\Anthony\DOCUME~1\ATMELS~1\7.0\SPOOLE~1\SPOOLE~1\ARDUIN~1\Debug\libArduinoCore.a(HardwareSerial.o)
                0x00002c14                _ZN14HardwareSerial5writeEh
 .text._ZN14HardwareSerial5flushEv
                0x00002cae       0x44 C:\Users\Anthony\DOCUME~1\ATMELS~1\7.0\SPOOLE~1\SPOOLE~1\ARDUIN~1\Debug\libArduinoCore.a(HardwareSerial.o)
                0x00002cae                _ZN14HardwareSerial5flushEv
 .text._ZN14HardwareSerial5beginEmh
                0x00002cf2       0xca C:\Users\Anthony\DOCUME~1\ATMELS~1\7.0\SPOOLE~1\SPOOLE~1\ARDUIN~1\Debug\libArduinoCore.a(HardwareSerial.o)
                0x00002cf2                _ZN14HardwareSerial5beginEmh
 .text.__vector_18
                0x00002dbc       0x64 C:\Users\Anthony\DOCUME~1\ATMELS~1\7.0\SPOOLE~1\SPOOLE~1\ARDUIN~1\Debug\libArduinoCore.a(HardwareSerial0.o)
                0x00002dbc                __vector_18
 .text.__vector_19
                0x00002e20       0x4c C:\Users\Anthony\DOCUME~1\ATMELS~1\7.0\SPOOLE~1\SPOOLE~1\ARDUIN~1\Debug\libArduinoCore.a(HardwareSerial0.o)
                0x00002e20                __vector_19
 .text._Z17Serial0_availablev
                0x00002e6c       0x14 C:\Users\Anthony\DOCUME~1\ATMELS~1\7.0\SPOOLE~1\SPOOLE~1\ARDUIN~1\Debug\libArduinoCore.a(HardwareSerial0.o)
                0x00002e6c                _Z17Serial0_availablev
 .text.startup._GLOBAL__sub_I___vector_18
                0x00002e80       0x5a C:\Users\Anthony\DOCUME~1\ATMELS~1\7.0\SPOOLE~1\SPOOLE~1\ARDUIN~1\Debug\libArduinoCore.a(HardwareSerial0.o)
 .text.initVariant
                0x00002eda        0x2 C:\Users\Anthony\DOCUME~1\ATMELS~1\7.0\SPOOLE~1\SPOOLE~1\ARDUIN~1\Debug\libArduinoCore.a(main.o)
                0x00002eda                initVariant
 .text.startup.main
                0x00002edc       0x1e C:\Users\Anthony\DOCUME~1\ATMELS~1\7.0\SPOOLE~1\SPOOLE~1\ARDUIN~1\Debug\libArduinoCore.a(main.o)
                0x00002edc                main
 .text._ZN5Print5writeEPKhj
                0x00002efa       0x54 C:\Users\Anthony\DOCUME~1\ATMELS~1\7.0\SPOOLE~1\SPOOLE~1\ARDUIN~1\Debug\libArduinoCore.a(Print.o)
                0x00002efa                _ZN5Print5writeEPKhj
 .text._ZN5Print5writeEPKc
                0x00002f4e       0x2a C:\Users\Anthony\DOCUME~1\ATMELS~1\7.0\SPOOLE~1\SPOOLE~1\ARDUIN~1\Debug\libArduinoCore.a(Print.o)
                0x00002f4e                _ZN5Print5writeEPKc
 .text._ZN5Print5printEPKc
                0x00002f78        0x4 C:\Users\Anthony\DOCUME~1\ATMELS~1\7.0\SPOOLE~1\SPOOLE~1\ARDUIN~1\Debug\libArduinoCore.a(Print.o)
                0x00002f78                _ZN5Print5printEPKc
 .text._ZN5Print5printEc
                0x00002f7c        0xe C:\Users\Anthony\DOCUME~1\ATMELS~1\7.0\SPOOLE~1\SPOOLE~1\ARDUIN~1\Debug\libArduinoCore.a(Print.o)
                0x00002f7c                _ZN5Print5printEc
 .text._ZN5Print7printlnEv
                0x00002f8a        0x8 C:\Users\Anthony\DOCUME~1\ATMELS~1\7.0\SPOOLE~1\SPOOLE~1\ARDUIN~1\Debug\libArduinoCore.a(Print.o)
                0x00002f8a                _ZN5Print7printlnEv
 .text._ZN5Print7printlnEPKc
                0x00002f92       0x24 C:\Users\Anthony\DOCUME~1\ATMELS~1\7.0\SPOOLE~1\SPOOLE~1\ARDUIN~1\Debug\libArduinoCore.a(Print.o)
                0x00002f92                _ZN5Print7printlnEPKc
 .text._ZN5Print11printNumberEmh
                0x00002fb6       0x92 C:\Users\Anthony\DOCUME~1\ATMELS~1\7.0\SPOOLE~1\SPOOLE~1\ARDUIN~1\Debug\libArduinoCore.a(Print.o)
                0x00002fb6                _ZN5Print11printNumberEmh
 .text._ZN5Print5printEli
                0x00003048       0x90 C:\Users\Anthony\DOCUME~1\ATMELS~1\7.0\SPOOLE~1\SPOOLE~1\ARDUIN~1\Debug\libArduinoCore.a(Print.o)
                0x00003048                _ZN5Print5printEli
 .text._ZN5Print7printlnEli
                0x000030d8       0x24 C:\Users\Anthony\DOCUME~1\ATMELS~1\7.0\SPOOLE~1\SPOOLE~1\ARDUIN~1\Debug\libArduinoCore.a(Print.o)
                0x000030d8                _ZN5Print7printlnEli
 .text._ZN6Stream9timedReadEv
                0x000030fc       0x60 C:\Users\Anthony\DOCUME~1\ATMELS~1\7.0\SPOOLE~1\SPOOLE~1\ARDUIN~1\Debug\libArduinoCore.a(Stream.o)
                0x000030fc                _ZN6Stream9timedReadEv
 .text._ZN6Stream10setTimeoutEm
                0x0000315c        0xc C:\Users\Anthony\DOCUME~1\ATMELS~1\7.0\SPOOLE~1\SPOOLE~1\ARDUIN~1\Debug\libArduinoCore.a(Stream.o)
                0x0000315c                _ZN6Stream10setTimeoutEm
 .text._ZN6Stream14readBytesUntilEcPcj
                0x00003168       0x68 C:\Users\Anthony\DOCUME~1\ATMELS~1\7.0\SPOOLE~1\SPOOLE~1\ARDUIN~1\Debug\libArduinoCore.a(Stream.o)
                0x00003168                _ZN6Stream14readBytesUntilEcPcj
 .text.__vector_16
                0x000031d0       0x94 C:\Users\Anthony\DOCUME~1\ATMELS~1\7.0\SPOOLE~1\SPOOLE~1\ARDUIN~1\Debug\libArduinoCore.a(wiring.o)
                0x000031d0                __vector_16
 .text.millis   0x00003264       0x18 C:\Users\Anthony\DOCUME~1\ATMELS~1\7.0\SPOOLE~1\SPOOLE~1\ARDUIN~1\Debug\libArduinoCore.a(wiring.o)
                0x00003264                millis
 .text.init     0x0000327c       0x76 C:\Users\Anthony\DOCUME~1\ATMELS~1\7.0\SPOOLE~1\SPOOLE~1\ARDUIN~1\Debug\libArduinoCore.a(wiring.o)
                0x0000327c                init
 .text.pinMode  0x000032f2       0x78 C:\Users\Anthony\DOCUME~1\ATMELS~1\7.0\SPOOLE~1\SPOOLE~1\ARDUIN~1\Debug\libArduinoCore.a(wiring_digital.o)
                0x000032f2                pinMode
 .text.libgcc.mul
                0x0000336a       0x20 c:/program files (x86)/atmel/studio/7.0/toolchain/avr8/avr8-gnu-toolchain/bin/../lib/gcc/avr/5.4.0/avr5\libgcc.a(_mulsi3.o)
                0x0000336a                __mulsi3
 .text.libgcc.div
                0x0000338a       0x44 c:/program files (x86)/atmel/studio/7.0/toolchain/avr8/avr8-gnu-toolchain/bin/../lib/gcc/avr/5.4.0/avr5\libgcc.a(_udivmodsi4.o)
                0x0000338a                __udivmodsi4
 .text.libgcc.div
                0x000033ce       0x2e c:/program files (x86)/atmel/studio/7.0/toolchain/avr8/avr8-gnu-toolchain/bin/../lib/gcc/avr/5.4.0/avr5\libgcc.a(_divmodsi4.o)
                0x000033ce                __divmodsi4
 .text.libgcc.div
                0x000033fc       0x10 c:/program files (x86)/atmel/studio/7.0/toolchain/avr8/avr8-gnu-toolchain/bin/../lib/gcc/avr/5.4.0/avr5\libgcc.a(_negsi2.o)
                0x000033fc                __negsi2
 .text.libgcc.mul
                0x0000340c       0x16 c:/program files (x86)/atmel/studio/7.0/toolchain/avr8/avr8-gnu-toolchain/bin/../lib/gcc/avr/5.4.0/avr5\libgcc.a(_muluhisi3.o)
                0x0000340c                __muluhisi3
 .text.libgcc   0x00003422        0xc c:/program files (x86)/atmel/studio/7.0/toolchain/avr8/avr8-gnu-toolchain/bin/../lib/gcc/avr/5.4.0/avr5\libgcc.a(_tablejump2.o)
                0x00003422                __tablejump2__
 .text.libgcc.mul
                0x0000342e       0x1e c:/program files (x86)/atmel/studio/7.0/toolchain/avr8/avr8-gnu-toolchain/bin/../lib/gcc/avr/5.4.0/avr5\libgcc.a(_umulhisi3.o)
                0x0000342e                __umulhisi3
 .text.avr-libc
                0x0000344c      0x22c c:/program files (x86)/atmel/studio/7.0/toolchain/avr8/avr8-gnu-toolchain/bin/../lib/gcc/avr/5.4.0/../../../../avr/lib/avr5\libc.a(strtol.o)
                0x0000344c                strtol
 .text.avr-libc
                0x00003678       0x3c c:/program files (x86)/atmel/studio/7.0/toolchain/avr8/avr8-gnu-toolchain/bin/../lib/gcc/avr/5.4.0/../../../../avr/lib/avr5\libc.a(atoi.o)
                0x00003678                atoi
 .text.avr-libc
                0x000036b4       0x12 c:/program files (x86)/atmel/studio/7.0/toolchain/avr8/avr8-gnu-toolchain/bin/../lib/gcc/avr/5.4.0/../../../../avr/lib/avr5\libc.a(isspace.o)
                0x000036b4                isspace
 .text.avr-libc
                0x000036c6       0x10 c:/program files (x86)/atmel/studio/7.0/toolchain/avr8/avr8-gnu-toolchain/bin/../lib/gcc/avr/5.4.0/../../../../avr/lib/avr5\libc.a(tolower.o)
                0x000036c6                tolower
 .text.avr-libc
                0x000036d6        0xa c:/program files (x86)/atmel/studio/7.0/toolchain/avr8/avr8-gnu-toolchain/bin/../lib/gcc/avr/5.4.0/../../../../avr/lib/avr5\libc.a(strtok.o)
                0x000036d6                strtok
 .text.avr-libc
                0x000036e0       0x4e c:/program files (x86)/atmel/studio/7.0/toolchain/avr8/avr8-gnu-toolchain/bin/../lib/gcc/avr/5.4.0/../../../../avr/lib/avr5\libc.a(strtok_r.o)
                0x000036e0                strtok_r
 .text.avr-libc
                0x0000372e       0x10 c:/program files (x86)/atmel/studio/7.0/toolchain/avr8/avr8-gnu-toolchain/bin/../lib/gcc/avr/5.4.0/../../../../avr/lib/avr5\libc.a(mul10.o)
                0x0000372e                __mulhi_const_10
 .text.avr-libc
                0x0000373e       0x44 c:/program files (x86)/atmel/studio/7.0/toolchain/avr8/avr8-gnu-toolchain/bin/../lib/gcc/avr/5.4.0/../../../../avr/lib/avr5\libc.a(sprintf.o)
                0x0000373e                sprintf
 .text.avr-libc
                0x00003782      0x3c2 c:/program files (x86)/atmel/studio/7.0/toolchain/avr8/avr8-gnu-toolchain/bin/../lib/gcc/avr/5.4.0/../../../../avr/lib/avr5\libc.a(vfprintf_std.o)
                0x00003782                vfprintf
 .text.avr-libc
                0x00003b44        0x6 c:/program files (x86)/atmel/studio/7.0/toolchain/avr8/avr8-gnu-toolchain/bin/../lib/gcc/avr/5.4.0/../../../../avr/lib/avr5\libc.a(cty_isfalse.o)
                0x00003b44                __ctype_isfalse
                0x00003b48                __ctype_istrue
 .text.avr-libc
                0x00003b4a       0x16 c:/program files (x86)/atmel/studio/7.0/toolchain/avr8/avr8-gnu-toolchain/bin/../lib/gcc/avr/5.4.0/../../../../avr/lib/avr5\libc.a(strnlen_P.o)
                0x00003b4a                strnlen_P
 .text.avr-libc
                0x00003b60       0x16 c:/program files (x86)/atmel/studio/7.0/toolchain/avr8/avr8-gnu-toolchain/bin/../lib/gcc/avr/5.4.0/../../../../avr/lib/avr5\libc.a(strnlen.o)
                0x00003b60                strnlen
 .text.avr-libc
                0x00003b76       0x78 c:/program files (x86)/atmel/studio/7.0/toolchain/avr8/avr8-gnu-toolchain/bin/../lib/gcc/avr/5.4.0/../../../../avr/lib/avr5\libc.a(fputc.o)
                0x00003b76                fputc
 .text.avr-libc
                0x00003bee       0xbc c:/program files (x86)/atmel/studio/7.0/toolchain/avr8/avr8-gnu-toolchain/bin/../lib/gcc/avr/5.4.0/../../../../avr/lib/avr5\libc.a(ultoa_invert.o)
                0x00003bee                __ultoa_invert
 .text.libgcc.prologue
                0x00003caa       0x38 c:/program files (x86)/atmel/studio/7.0/toolchain/avr8/avr8-gnu-toolchain/bin/../lib/gcc/avr/5.4.0/avr5\libgcc.a(_prologue.o)
                0x00003caa                __prologue_saves__
 .text.libgcc.prologue
                0x00003ce2       0x36 c:/program files (x86)/atmel/studio/7.0/toolchain/avr8/avr8-gnu-toolchain/bin/../lib/gcc/avr/5.4.0/avr5\libgcc.a(_epilogue.o)
                0x00003ce2                __epilogue_restores__
                0x00003d18                . = ALIGN (0x2)
 *(.fini9)
 .fini9         0x00003d18        0x0 c:/program files (x86)/atmel/studio/7.0/toolchain/avr8/avr8-gnu-toolchain/bin/../lib/gcc/avr/5.4.0/avr5\libgcc.a(_exit.o)
                0x00003d18                _exit
                0x00003d18                exit
 *(.fini9)
 *(.fini8)
 *(.fini8)
 *(.fini7)
 *(.fini7)
 *(.fini6)
 .fini6         0x00003d18       0x16 c:/program files (x86)/atmel/studio/7.0/toolchain/avr8/avr8-gnu-toolchain/bin/../lib/gcc/avr/5.4.0/avr5\libgcc.a(_dtors.o)
                0x00003d18                __do_global_dtors
 *(.fini6)
 *(.fini5)
 *(.fini5)
 *(.fini4)
 *(.fini4)
 *(.fini3)
 *(.fini3)
 *(.fini2)
 *(.fini2)
 *(.fini1)
 *(.fini1)
 *(.fini0)
 .fini0         0x00003d2e        0x4 c:/program files (x86)/atmel/studio/7.0/toolchain/avr8/avr8-gnu-toolchain/bin/../lib/gcc/avr/5.4.0/avr5\libgcc.a(_exit.o)
 *(.fini0)
                0x00003d32                _etext = .

.data           0x00800100      0x270 load address 0x00003d32
                0x00800100                PROVIDE (__data_start, .)
 *(.data)
 *(.data*)
 .data._ZL8home_str
                0x00800100        0x5 Serial_Commands.o
 .data._ZL12getSteps_str
                0x00800105        0x9 Serial_Commands.o
 .data._ZL15traverseRPM_str
                0x0080010e        0xc Serial_Commands.o
 .data._ZL10status_str
                0x0080011a        0x7 Serial_Commands.o
 .data._ZL8stop_str
                0x00800121        0x5 Serial_Commands.o
 .data._ZL11runMode_str
                0x00800126        0x8 Serial_Commands.o
 .data._ZL16moveAbsolute_str
                0x0080012e        0xd Serial_Commands.o
 .data._ZL12spoolRPM_str
                0x0080013b        0x9 Serial_Commands.o
 .data._ZL15innerOffset_str
                0x00800144        0xc Serial_Commands.o
 .data._ZL14spoolWidth_str
                0x00800150        0xb Serial_Commands.o
 .data._ZL20filamentDiameter_str
                0x0080015b       0x11 Serial_Commands.o
 .data.Cmds     0x0080016c       0x30 Serial_Commands.o
                0x0080016c                Cmds
 .data._ZL14directionInput
                0x0080019c        0x2 Sketch.o
 .data._ZL18directionOutputPin
                0x0080019e        0x2 Sketch.o
 .data.stepDelay
                0x008001a0        0x4 Sketch.o
                0x008001a0                stepDelay
 .data.spoolUpdateInterval
                0x008001a4        0x2 Sketch.o
                0x008001a4                spoolUpdateInterval
 .data.fullAutoUpdateInterval
                0x008001a6        0x2 Sketch.o
                0x008001a6                fullAutoUpdateInterval
 .data.INNER_TRAVERSE_OFFSET
                0x008001a8        0x4 Sketch.o
                0x008001a8                INNER_TRAVERSE_OFFSET
 .data.SPOOL_WIDTH
                0x008001ac        0x4 Sketch.o
                0x008001ac                SPOOL_WIDTH
 .data.FILAMENT_DIAMETER
                0x008001b0        0x4 Sketch.o
                0x008001b0                FILAMENT_DIAMETER
 .data.RUN_MODE
                0x008001b4        0x1 Sketch.o
                0x008001b4                RUN_MODE
 .data.TRAVERSE_DIRECTION
                0x008001b5        0x1 Sketch.o
                0x008001b5                TRAVERSE_DIRECTION
 *(.gnu.linkonce.d*)
 *(.rodata)
 .rodata        0x008001b6      0x157 Serial_Commands.o
 .rodata        0x0080030d       0x41 Serial_Processing.o
 *(.rodata*)
 .rodata._ZTV14HardwareSerial
                0x0080034e       0x12 C:\Users\Anthony\DOCUME~1\ATMELS~1\7.0\SPOOLE~1\SPOOLE~1\ARDUIN~1\Debug\libArduinoCore.a(HardwareSerial.o)
                0x0080034e                _ZTV14HardwareSerial
 .rodata.str1.1
                0x00800360        0xf C:\Users\Anthony\DOCUME~1\ATMELS~1\7.0\SPOOLE~1\SPOOLE~1\ARDUIN~1\Debug\libArduinoCore.a(Print.o)
 *(.gnu.linkonce.r*)
                0x00800370                . = ALIGN (0x2)
 *fill*         0x0080036f        0x1 
                0x00800370                _edata = .
                0x00800370                PROVIDE (__data_end, .)

.bss            0x00800370      0x117
                0x00800370                PROVIDE (__bss_start, .)
 *(.bss)
 .bss           0x00800370        0x2 c:/program files (x86)/atmel/studio/7.0/toolchain/avr8/avr8-gnu-toolchain/bin/../lib/gcc/avr/5.4.0/../../../../avr/lib/avr5\libc.a(strtok.o)
 *(.bss*)
 .bss.pcmsk     0x00800372        0x2 Sketch.o
                0x00800372                pcmsk
 .bss.functionPointerArrayEXTERNAL
                0x00800374        0x4 Sketch.o
                0x00800374                functionPointerArrayEXTERNAL
 .bss.portBFunctions
                0x00800378        0xc Sketch.o
                0x00800378                portBFunctions
 .bss.portCFunctions
                0x00800384        0xc Sketch.o
                0x00800384                portCFunctions
 .bss.portDFunctions
                0x00800390       0x10 Sketch.o
                0x00800390                portDFunctions
 .bss.risingPinsPORTB
                0x008003a0        0x1 Sketch.o
                0x008003a0                risingPinsPORTB
 .bss.fallingPinsPORTB
                0x008003a1        0x1 Sketch.o
                0x008003a1                fallingPinsPORTB
 .bss._ZL13portSnapshotB
                0x008003a2        0x1 Sketch.o
 .bss.risingPinsPORTC
                0x008003a3        0x1 Sketch.o
                0x008003a3                risingPinsPORTC
 .bss.fallingPinsPORTC
                0x008003a4        0x1 Sketch.o
                0x008003a4                fallingPinsPORTC
 .bss._ZL13portSnapshotC
                0x008003a5        0x1 Sketch.o
 .bss.risingPinsPORTD
                0x008003a6        0x1 Sketch.o
                0x008003a6                risingPinsPORTD
 .bss.fallingPinsPORTD
                0x008003a7        0x1 Sketch.o
                0x008003a7                fallingPinsPORTD
 .bss._ZL13portSnapshotD
                0x008003a8        0x1 Sketch.o
 .bss.traverse_rpm
                0x008003a9        0x4 Sketch.o
                0x008003a9                traverse_rpm
 .bss.directionInputState
                0x008003ad        0x1 Sketch.o
                0x008003ad                directionInputState
 .bss.spoolPulses
                0x008003ae        0x4 Sketch.o
                0x008003ae                spoolPulses
 .bss.spoolTime
                0x008003b2        0x4 Sketch.o
                0x008003b2                spoolTime
 .bss.previousFullAutoTime
                0x008003b6        0x4 Sketch.o
                0x008003b6                previousFullAutoTime
 .bss.previousSpoolTime
                0x008003ba        0x4 Sketch.o
                0x008003ba                previousSpoolTime
 .bss.totalspoolTicks
                0x008003be        0x4 Sketch.o
                0x008003be                totalspoolTicks
 .bss.previousSpoolTicks
                0x008003c2        0x4 Sketch.o
                0x008003c2                previousSpoolTicks
 .bss._ZL11last_millis
                0x008003c6        0x4 Sketch.o
 .bss.m         0x008003ca        0x4 Sketch.o
                0x008003ca                m
 .bss.STEPS     0x008003ce        0x4 Sketch.o
                0x008003ce                STEPS
 .bss.DESIRED_POSITION
                0x008003d2        0x4 Sketch.o
                0x008003d2                DESIRED_POSITION
 .bss.TRAVERSE_RPM
                0x008003d6        0x4 Sketch.o
                0x008003d6                TRAVERSE_RPM
 .bss.SPOOLRPM  0x008003da        0x2 Sketch.o
                0x008003da                SPOOLRPM
 .bss.tickFlag  0x008003dc        0x1 Sketch.o
                0x008003dc                tickFlag
 .bss._Serial_Commands
                0x008003dd        0x1 Sketch.o
                0x008003dd                _Serial_Commands
 .bss._Math_Helpers
                0x008003de        0x1 Sketch.o
                0x008003de                _Math_Helpers
 .bss.Serial    0x008003df       0x9d C:\Users\Anthony\DOCUME~1\ATMELS~1\7.0\SPOOLE~1\SPOOLE~1\ARDUIN~1\Debug\libArduinoCore.a(HardwareSerial0.o)
                0x008003df                Serial
 .bss.timer0_fract
                0x0080047c        0x1 C:\Users\Anthony\DOCUME~1\ATMELS~1\7.0\SPOOLE~1\SPOOLE~1\ARDUIN~1\Debug\libArduinoCore.a(wiring.o)
 .bss.timer0_millis
                0x0080047d        0x4 C:\Users\Anthony\DOCUME~1\ATMELS~1\7.0\SPOOLE~1\SPOOLE~1\ARDUIN~1\Debug\libArduinoCore.a(wiring.o)
                0x0080047d                timer0_millis
 .bss.timer0_overflow_count
                0x00800481        0x4 C:\Users\Anthony\DOCUME~1\ATMELS~1\7.0\SPOOLE~1\SPOOLE~1\ARDUIN~1\Debug\libArduinoCore.a(wiring.o)
                0x00800481                timer0_overflow_count
 *(COMMON)
 COMMON         0x00800485        0x2 c:/program files (x86)/atmel/studio/7.0/toolchain/avr8/avr8-gnu-toolchain/bin/../lib/gcc/avr/5.4.0/../../../../avr/lib/avr5\libc.a(errno.o)
                0x00800485                errno
                0x00800487                PROVIDE (__bss_end, .)
                0x00003d32                __data_load_start = LOADADDR (.data)
                0x00003fa2                __data_load_end = (__data_load_start + SIZEOF (.data))

.noinit         0x00800487        0x0
                [!provide]                PROVIDE (__noinit_start, .)
 *(.noinit*)
                [!provide]                PROVIDE (__noinit_end, .)
                0x00800487                _end = .
                0x00800487                PROVIDE (__heap_start, .)

.eeprom         0x00810000        0x0
 *(.eeprom*)
                0x00810000                __eeprom_end = .

.fuse
 *(.fuse)
 *(.lfuse)
 *(.hfuse)
 *(.efuse)

.lock
 *(.lock*)

.signature
 *(.signature*)

.user_signatures
 *(.user_signatures*)

.stab
 *(.stab)

.stabstr
 *(.stabstr)

.stab.excl
 *(.stab.excl)

.stab.exclstr
 *(.stab.exclstr)

.stab.index
 *(.stab.index)

.stab.indexstr
 *(.stab.indexstr)

.comment        0x00000000       0x5c
 *(.comment)
 .comment       0x00000000       0x30 ADC_Configuration.o
                                 0x31 (size before relaxing)
 .comment       0x00000030       0x31 Math_Helpers.o
 .comment       0x00000030       0x31 Serial_Commands.o
 .comment       0x00000030       0x31 Serial_Processing.o
 .comment       0x00000030       0x31 Sketch.o
 .comment       0x00000030       0x31 Step_Output_Configuration.o
 .comment       0x00000030       0x31 C:\Users\Anthony\DOCUME~1\ATMELS~1\7.0\SPOOLE~1\SPOOLE~1\ARDUIN~1\Debug\libArduinoCore.a(HardwareSerial.o)
 .comment       0x00000030       0x31 C:\Users\Anthony\DOCUME~1\ATMELS~1\7.0\SPOOLE~1\SPOOLE~1\ARDUIN~1\Debug\libArduinoCore.a(HardwareSerial0.o)
 .comment       0x00000030       0x31 C:\Users\Anthony\DOCUME~1\ATMELS~1\7.0\SPOOLE~1\SPOOLE~1\ARDUIN~1\Debug\libArduinoCore.a(main.o)
 .comment       0x00000030       0x31 C:\Users\Anthony\DOCUME~1\ATMELS~1\7.0\SPOOLE~1\SPOOLE~1\ARDUIN~1\Debug\libArduinoCore.a(Print.o)
 .comment       0x00000030       0x31 C:\Users\Anthony\DOCUME~1\ATMELS~1\7.0\SPOOLE~1\SPOOLE~1\ARDUIN~1\Debug\libArduinoCore.a(Stream.o)
 .comment       0x00000030       0x31 C:\Users\Anthony\DOCUME~1\ATMELS~1\7.0\SPOOLE~1\SPOOLE~1\ARDUIN~1\Debug\libArduinoCore.a(wiring.o)
 .comment       0x00000030       0x31 C:\Users\Anthony\DOCUME~1\ATMELS~1\7.0\SPOOLE~1\SPOOLE~1\ARDUIN~1\Debug\libArduinoCore.a(wiring_digital.o)
 .comment       0x00000030       0x31 c:/program files (x86)/atmel/studio/7.0/toolchain/avr8/avr8-gnu-toolchain/bin/../lib/gcc/avr/5.4.0/../../../../avr/lib/avr5\libc.a(strtol.o)
 .comment       0x00000030       0x31 c:/program files (x86)/atmel/studio/7.0/toolchain/avr8/avr8-gnu-toolchain/bin/../lib/gcc/avr/5.4.0/../../../../avr/lib/avr5\libc.a(strtok.o)
 .comment       0x00000030       0x31 c:/program files (x86)/atmel/studio/7.0/toolchain/avr8/avr8-gnu-toolchain/bin/../lib/gcc/avr/5.4.0/../../../../avr/lib/avr5\libc.a(sprintf.o)
 .comment       0x00000030       0x2c c:/program files (x86)/atmel/studio/7.0/toolchain/avr8/avr8-gnu-toolchain/bin/../lib/gcc/avr/5.4.0/../../../../avr/lib/avr5\libc.a(vfprintf_std.o)
                                 0x2d (size before relaxing)
 .comment       0x0000005c       0x2d c:/program files (x86)/atmel/studio/7.0/toolchain/avr8/avr8-gnu-toolchain/bin/../lib/gcc/avr/5.4.0/../../../../avr/lib/avr5\libc.a(errno.o)
 .comment       0x0000005c       0x31 c:/program files (x86)/atmel/studio/7.0/toolchain/avr8/avr8-gnu-toolchain/bin/../lib/gcc/avr/5.4.0/../../../../avr/lib/avr5\libc.a(fputc.o)

.note.gnu.avr.deviceinfo
                0x00000000       0x40
 .note.gnu.avr.deviceinfo
                0x00000000       0x40 C:/Program Files (x86)/Atmel/Studio/7.0/Packs/atmel/ATmega_DFP/1.2.209/gcc/dev/atmega328p/avr5/crtatmega328p.o

.note.gnu.build-id
 *(.note.gnu.build-id)

.debug
 *(.debug)

.line
 *(.line)

.debug_srcinfo
 *(.debug_srcinfo)

.debug_sfnames
 *(.debug_sfnames)

.debug_aranges  0x00000000      0x558
 *(.debug_aranges)
 .debug_aranges
                0x00000000       0x30 ADC_Configuration.o
 .debug_aranges
                0x00000030       0x30 Math_Helpers.o
 .debug_aranges
                0x00000060       0xa8 Serial_Commands.o
 .debug_aranges
                0x00000108       0x48 Serial_Processing.o
 .debug_aranges
                0x00000150       0xe0 Sketch.o
 .debug_aranges
                0x00000230       0x30 Step_Output_Configuration.o
 .debug_aranges
                0x00000260       0x68 C:\Users\Anthony\DOCUME~1\ATMELS~1\7.0\SPOOLE~1\SPOOLE~1\ARDUIN~1\Debug\libArduinoCore.a(HardwareSerial.o)
 .debug_aranges
                0x000002c8       0x48 C:\Users\Anthony\DOCUME~1\ATMELS~1\7.0\SPOOLE~1\SPOOLE~1\ARDUIN~1\Debug\libArduinoCore.a(HardwareSerial0.o)
 .debug_aranges
                0x00000310       0x30 C:\Users\Anthony\DOCUME~1\ATMELS~1\7.0\SPOOLE~1\SPOOLE~1\ARDUIN~1\Debug\libArduinoCore.a(main.o)
 .debug_aranges
                0x00000340      0x100 C:\Users\Anthony\DOCUME~1\ATMELS~1\7.0\SPOOLE~1\SPOOLE~1\ARDUIN~1\Debug\libArduinoCore.a(Print.o)
 .debug_aranges
                0x00000440       0x98 C:\Users\Anthony\DOCUME~1\ATMELS~1\7.0\SPOOLE~1\SPOOLE~1\ARDUIN~1\Debug\libArduinoCore.a(Stream.o)
 .debug_aranges
                0x000004d8       0x48 C:\Users\Anthony\DOCUME~1\ATMELS~1\7.0\SPOOLE~1\SPOOLE~1\ARDUIN~1\Debug\libArduinoCore.a(wiring.o)
 .debug_aranges
                0x00000520       0x38 C:\Users\Anthony\DOCUME~1\ATMELS~1\7.0\SPOOLE~1\SPOOLE~1\ARDUIN~1\Debug\libArduinoCore.a(wiring_digital.o)

.debug_pubnames
 *(.debug_pubnames)

.debug_info     0x00000000     0xcb0c
 *(.debug_info .gnu.linkonce.wi.*)
 .debug_info    0x00000000      0x5f4 C:/Program Files (x86)/Atmel/Studio/7.0/Packs/atmel/ATmega_DFP/1.2.209/gcc/dev/atmega328p/avr5/crtatmega328p.o
 .debug_info    0x000005f4      0x313 ADC_Configuration.o
 .debug_info    0x00000907      0x402 Math_Helpers.o
 .debug_info    0x00000d09      0xf00 Serial_Commands.o
 .debug_info    0x00001c09      0x72f Serial_Processing.o
 .debug_info    0x00002338     0x14f5 Sketch.o
 .debug_info    0x0000382d      0x308 Step_Output_Configuration.o
 .debug_info    0x00003b35     0x1f64 C:\Users\Anthony\DOCUME~1\ATMELS~1\7.0\SPOOLE~1\SPOOLE~1\ARDUIN~1\Debug\libArduinoCore.a(HardwareSerial.o)
 .debug_info    0x00005a99     0x1b16 C:\Users\Anthony\DOCUME~1\ATMELS~1\7.0\SPOOLE~1\SPOOLE~1\ARDUIN~1\Debug\libArduinoCore.a(HardwareSerial0.o)
 .debug_info    0x000075af      0x237 C:\Users\Anthony\DOCUME~1\ATMELS~1\7.0\SPOOLE~1\SPOOLE~1\ARDUIN~1\Debug\libArduinoCore.a(main.o)
 .debug_info    0x000077e6     0x28ff C:\Users\Anthony\DOCUME~1\ATMELS~1\7.0\SPOOLE~1\SPOOLE~1\ARDUIN~1\Debug\libArduinoCore.a(Print.o)
 .debug_info    0x0000a0e5     0x215e C:\Users\Anthony\DOCUME~1\ATMELS~1\7.0\SPOOLE~1\SPOOLE~1\ARDUIN~1\Debug\libArduinoCore.a(Stream.o)
 .debug_info    0x0000c243      0x2cb C:\Users\Anthony\DOCUME~1\ATMELS~1\7.0\SPOOLE~1\SPOOLE~1\ARDUIN~1\Debug\libArduinoCore.a(wiring.o)
 .debug_info    0x0000c50e      0x5fe C:\Users\Anthony\DOCUME~1\ATMELS~1\7.0\SPOOLE~1\SPOOLE~1\ARDUIN~1\Debug\libArduinoCore.a(wiring_digital.o)

.debug_abbrev   0x00000000     0x288d
 *(.debug_abbrev)
 .debug_abbrev  0x00000000      0x5a2 C:/Program Files (x86)/Atmel/Studio/7.0/Packs/atmel/ATmega_DFP/1.2.209/gcc/dev/atmega328p/avr5/crtatmega328p.o
 .debug_abbrev  0x000005a2      0x158 ADC_Configuration.o
 .debug_abbrev  0x000006fa      0x17e Math_Helpers.o
 .debug_abbrev  0x00000878      0x322 Serial_Commands.o
 .debug_abbrev  0x00000b9a      0x261 Serial_Processing.o
 .debug_abbrev  0x00000dfb      0x3e6 Sketch.o
 .debug_abbrev  0x000011e1      0x158 Step_Output_Configuration.o
 .debug_abbrev  0x00001339      0x4b7 C:\Users\Anthony\DOCUME~1\ATMELS~1\7.0\SPOOLE~1\SPOOLE~1\ARDUIN~1\Debug\libArduinoCore.a(HardwareSerial.o)
 .debug_abbrev  0x000017f0      0x3ce C:\Users\Anthony\DOCUME~1\ATMELS~1\7.0\SPOOLE~1\SPOOLE~1\ARDUIN~1\Debug\libArduinoCore.a(HardwareSerial0.o)
 .debug_abbrev  0x00001bbe      0x12d C:\Users\Anthony\DOCUME~1\ATMELS~1\7.0\SPOOLE~1\SPOOLE~1\ARDUIN~1\Debug\libArduinoCore.a(main.o)
 .debug_abbrev  0x00001ceb      0x47a C:\Users\Anthony\DOCUME~1\ATMELS~1\7.0\SPOOLE~1\SPOOLE~1\ARDUIN~1\Debug\libArduinoCore.a(Print.o)
 .debug_abbrev  0x00002165      0x487 C:\Users\Anthony\DOCUME~1\ATMELS~1\7.0\SPOOLE~1\SPOOLE~1\ARDUIN~1\Debug\libArduinoCore.a(Stream.o)
 .debug_abbrev  0x000025ec      0x146 C:\Users\Anthony\DOCUME~1\ATMELS~1\7.0\SPOOLE~1\SPOOLE~1\ARDUIN~1\Debug\libArduinoCore.a(wiring.o)
 .debug_abbrev  0x00002732      0x15b C:\Users\Anthony\DOCUME~1\ATMELS~1\7.0\SPOOLE~1\SPOOLE~1\ARDUIN~1\Debug\libArduinoCore.a(wiring_digital.o)

.debug_line     0x00000000     0x3967
 *(.debug_line .debug_line.* .debug_line_end)
 .debug_line    0x00000000      0x133 C:/Program Files (x86)/Atmel/Studio/7.0/Packs/atmel/ATmega_DFP/1.2.209/gcc/dev/atmega328p/avr5/crtatmega328p.o
 .debug_line    0x00000133      0x170 ADC_Configuration.o
 .debug_line    0x000002a3      0x21c Math_Helpers.o
 .debug_line    0x000004bf      0x70a Serial_Commands.o
 .debug_line    0x00000bc9      0x376 Serial_Processing.o
 .debug_line    0x00000f3f      0xe86 Sketch.o
 .debug_line    0x00001dc5      0x186 Step_Output_Configuration.o
 .debug_line    0x00001f4b      0x4c4 C:\Users\Anthony\DOCUME~1\ATMELS~1\7.0\SPOOLE~1\SPOOLE~1\ARDUIN~1\Debug\libArduinoCore.a(HardwareSerial.o)
 .debug_line    0x0000240f      0x28c C:\Users\Anthony\DOCUME~1\ATMELS~1\7.0\SPOOLE~1\SPOOLE~1\ARDUIN~1\Debug\libArduinoCore.a(HardwareSerial0.o)
 .debug_line    0x0000269b      0x165 C:\Users\Anthony\DOCUME~1\ATMELS~1\7.0\SPOOLE~1\SPOOLE~1\ARDUIN~1\Debug\libArduinoCore.a(main.o)
 .debug_line    0x00002800      0x685 C:\Users\Anthony\DOCUME~1\ATMELS~1\7.0\SPOOLE~1\SPOOLE~1\ARDUIN~1\Debug\libArduinoCore.a(Print.o)
 .debug_line    0x00002e85      0x5f7 C:\Users\Anthony\DOCUME~1\ATMELS~1\7.0\SPOOLE~1\SPOOLE~1\ARDUIN~1\Debug\libArduinoCore.a(Stream.o)
 .debug_line    0x0000347c      0x299 C:\Users\Anthony\DOCUME~1\ATMELS~1\7.0\SPOOLE~1\SPOOLE~1\ARDUIN~1\Debug\libArduinoCore.a(wiring.o)
 .debug_line    0x00003715      0x252 C:\Users\Anthony\DOCUME~1\ATMELS~1\7.0\SPOOLE~1\SPOOLE~1\ARDUIN~1\Debug\libArduinoCore.a(wiring_digital.o)

.debug_frame    0x00000000     0x1420
 *(.debug_frame)
 .debug_frame   0x00000000       0x74 ADC_Configuration.o
 .debug_frame   0x00000074       0xa8 Math_Helpers.o
 .debug_frame   0x0000011c      0x258 Serial_Commands.o
 .debug_frame   0x00000374       0xe0 Serial_Processing.o
 .debug_frame   0x00000454      0x544 Sketch.o
 .debug_frame   0x00000998       0x74 Step_Output_Configuration.o
 .debug_frame   0x00000a0c      0x110 C:\Users\Anthony\DOCUME~1\ATMELS~1\7.0\SPOOLE~1\SPOOLE~1\ARDUIN~1\Debug\libArduinoCore.a(HardwareSerial.o)
 .debug_frame   0x00000b1c       0xe0 C:\Users\Anthony\DOCUME~1\ATMELS~1\7.0\SPOOLE~1\SPOOLE~1\ARDUIN~1\Debug\libArduinoCore.a(HardwareSerial0.o)
 .debug_frame   0x00000bfc       0x54 C:\Users\Anthony\DOCUME~1\ATMELS~1\7.0\SPOOLE~1\SPOOLE~1\ARDUIN~1\Debug\libArduinoCore.a(main.o)
 .debug_frame   0x00000c50      0x3ac C:\Users\Anthony\DOCUME~1\ATMELS~1\7.0\SPOOLE~1\SPOOLE~1\ARDUIN~1\Debug\libArduinoCore.a(Print.o)
 .debug_frame   0x00000ffc      0x2e4 C:\Users\Anthony\DOCUME~1\ATMELS~1\7.0\SPOOLE~1\SPOOLE~1\ARDUIN~1\Debug\libArduinoCore.a(Stream.o)
 .debug_frame   0x000012e0       0xc4 C:\Users\Anthony\DOCUME~1\ATMELS~1\7.0\SPOOLE~1\SPOOLE~1\ARDUIN~1\Debug\libArduinoCore.a(wiring.o)
 .debug_frame   0x000013a4       0x7c C:\Users\Anthony\DOCUME~1\ATMELS~1\7.0\SPOOLE~1\SPOOLE~1\ARDUIN~1\Debug\libArduinoCore.a(wiring_digital.o)

.debug_str      0x00000000     0x320b
 *(.debug_str)
 .debug_str     0x00000000      0x208 C:/Program Files (x86)/Atmel/Studio/7.0/Packs/atmel/ATmega_DFP/1.2.209/gcc/dev/atmega328p/avr5/crtatmega328p.o
 .debug_str     0x00000208      0x342 ADC_Configuration.o
                                0x399 (size before relaxing)
 .debug_str     0x0000054a      0x160 Math_Helpers.o
                                0x3ea (size before relaxing)
 .debug_str     0x000006aa      0x6a0 Serial_Commands.o
                                0x995 (size before relaxing)
 .debug_str     0x00000d4a       0x62 Serial_Processing.o
                                0x5d5 (size before relaxing)
 .debug_str     0x00000dac      0x889 Sketch.o
                                0xf57 (size before relaxing)
 .debug_str     0x00001635       0x69 Step_Output_Configuration.o
                                0x3ef (size before relaxing)
 .debug_str     0x0000169e     0x1457 C:\Users\Anthony\DOCUME~1\ATMELS~1\7.0\SPOOLE~1\SPOOLE~1\ARDUIN~1\Debug\libArduinoCore.a(HardwareSerial.o)
                               0x1632 (size before relaxing)
 .debug_str     0x00002af5       0x86 C:\Users\Anthony\DOCUME~1\ATMELS~1\7.0\SPOOLE~1\SPOOLE~1\ARDUIN~1\Debug\libArduinoCore.a(HardwareSerial0.o)
                               0x1425 (size before relaxing)
 .debug_str     0x00002b7b       0x37 C:\Users\Anthony\DOCUME~1\ATMELS~1\7.0\SPOOLE~1\SPOOLE~1\ARDUIN~1\Debug\libArduinoCore.a(main.o)
                                0x2d1 (size before relaxing)
 .debug_str     0x00002bb2      0x3d8 C:\Users\Anthony\DOCUME~1\ATMELS~1\7.0\SPOOLE~1\SPOOLE~1\ARDUIN~1\Debug\libArduinoCore.a(Print.o)
                               0x125f (size before relaxing)
 .debug_str     0x00002f8a       0x97 C:\Users\Anthony\DOCUME~1\ATMELS~1\7.0\SPOOLE~1\SPOOLE~1\ARDUIN~1\Debug\libArduinoCore.a(Stream.o)
                               0x1283 (size before relaxing)
 .debug_str     0x00003021      0x159 C:\Users\Anthony\DOCUME~1\ATMELS~1\7.0\SPOOLE~1\SPOOLE~1\ARDUIN~1\Debug\libArduinoCore.a(wiring.o)
                                0x267 (size before relaxing)
 .debug_str     0x0000317a       0x91 C:\Users\Anthony\DOCUME~1\ATMELS~1\7.0\SPOOLE~1\SPOOLE~1\ARDUIN~1\Debug\libArduinoCore.a(wiring_digital.o)
                                0x2cc (size before relaxing)

.debug_loc      0x00000000     0x55f8
 *(.debug_loc)
 .debug_loc     0x00000000       0xcb ADC_Configuration.o
 .debug_loc     0x000000cb      0x159 Math_Helpers.o
 .debug_loc     0x00000224      0x50c Serial_Commands.o
 .debug_loc     0x00000730      0x1c8 Serial_Processing.o
 .debug_loc     0x000008f8      0xbeb Sketch.o
 .debug_loc     0x000014e3       0xcb Step_Output_Configuration.o
 .debug_loc     0x000015ae      0x4dc C:\Users\Anthony\DOCUME~1\ATMELS~1\7.0\SPOOLE~1\SPOOLE~1\ARDUIN~1\Debug\libArduinoCore.a(HardwareSerial.o)
 .debug_loc     0x00001a8a      0x1b0 C:\Users\Anthony\DOCUME~1\ATMELS~1\7.0\SPOOLE~1\SPOOLE~1\ARDUIN~1\Debug\libArduinoCore.a(HardwareSerial0.o)
 .debug_loc     0x00001c3a     0x1c87 C:\Users\Anthony\DOCUME~1\ATMELS~1\7.0\SPOOLE~1\SPOOLE~1\ARDUIN~1\Debug\libArduinoCore.a(Print.o)
 .debug_loc     0x000038c1     0x14ae C:\Users\Anthony\DOCUME~1\ATMELS~1\7.0\SPOOLE~1\SPOOLE~1\ARDUIN~1\Debug\libArduinoCore.a(Stream.o)
 .debug_loc     0x00004d6f      0x28d C:\Users\Anthony\DOCUME~1\ATMELS~1\7.0\SPOOLE~1\SPOOLE~1\ARDUIN~1\Debug\libArduinoCore.a(wiring.o)
 .debug_loc     0x00004ffc      0x5fc C:\Users\Anthony\DOCUME~1\ATMELS~1\7.0\SPOOLE~1\SPOOLE~1\ARDUIN~1\Debug\libArduinoCore.a(wiring_digital.o)

.debug_macinfo
 *(.debug_macinfo)

.debug_weaknames
 *(.debug_weaknames)

.debug_funcnames
 *(.debug_funcnames)

.debug_typenames
 *(.debug_typenames)

.debug_varnames
 *(.debug_varnames)

.debug_pubtypes
 *(.debug_pubtypes)

.debug_ranges   0x00000000      0x4e8
 *(.debug_ranges)
 .debug_ranges  0x00000000       0x20 ADC_Configuration.o
 .debug_ranges  0x00000020       0x20 Math_Helpers.o
 .debug_ranges  0x00000040       0x98 Serial_Commands.o
 .debug_ranges  0x000000d8       0x38 Serial_Processing.o
 .debug_ranges  0x00000110       0xd0 Sketch.o
 .debug_ranges  0x000001e0       0x20 Step_Output_Configuration.o
 .debug_ranges  0x00000200       0x58 C:\Users\Anthony\DOCUME~1\ATMELS~1\7.0\SPOOLE~1\SPOOLE~1\ARDUIN~1\Debug\libArduinoCore.a(HardwareSerial.o)
 .debug_ranges  0x00000258       0x38 C:\Users\Anthony\DOCUME~1\ATMELS~1\7.0\SPOOLE~1\SPOOLE~1\ARDUIN~1\Debug\libArduinoCore.a(HardwareSerial0.o)
 .debug_ranges  0x00000290       0x20 C:\Users\Anthony\DOCUME~1\ATMELS~1\7.0\SPOOLE~1\SPOOLE~1\ARDUIN~1\Debug\libArduinoCore.a(main.o)
 .debug_ranges  0x000002b0      0x120 C:\Users\Anthony\DOCUME~1\ATMELS~1\7.0\SPOOLE~1\SPOOLE~1\ARDUIN~1\Debug\libArduinoCore.a(Print.o)
 .debug_ranges  0x000003d0       0xb8 C:\Users\Anthony\DOCUME~1\ATMELS~1\7.0\SPOOLE~1\SPOOLE~1\ARDUIN~1\Debug\libArduinoCore.a(Stream.o)
 .debug_ranges  0x00000488       0x38 C:\Users\Anthony\DOCUME~1\ATMELS~1\7.0\SPOOLE~1\SPOOLE~1\ARDUIN~1\Debug\libArduinoCore.a(wiring.o)
 .debug_ranges  0x000004c0       0x28 C:\Users\Anthony\DOCUME~1\ATMELS~1\7.0\SPOOLE~1\SPOOLE~1\ARDUIN~1\Debug\libArduinoCore.a(wiring_digital.o)

.debug_macro
 *(.debug_macro)
OUTPUT(traverse.elf elf32-avr)
LOAD linker stubs
