Archive member included to satisfy reference by file (symbol)

c:/program files (x86)/atmel/studio/7.0/toolchain/avr8/avr8-gnu-toolchain/bin/../lib/gcc/avr/5.4.0/../../../../avr/lib/avr5\libm.a(addsf3.o)
                              Math_Helpers.o (__subsf3)
c:/program files (x86)/atmel/studio/7.0/toolchain/avr8/avr8-gnu-toolchain/bin/../lib/gcc/avr/5.4.0/../../../../avr/lib/avr5\libm.a(addsf3x.o)
                              c:/program files (x86)/atmel/studio/7.0/toolchain/avr8/avr8-gnu-toolchain/bin/../lib/gcc/avr/5.4.0/../../../../avr/lib/avr5\libm.a(addsf3.o) (__addsf3x)
c:/program files (x86)/atmel/studio/7.0/toolchain/avr8/avr8-gnu-toolchain/bin/../lib/gcc/avr/5.4.0/../../../../avr/lib/avr5\libm.a(cmpsf2.o)
                              Math_Helpers.o (__ltsf2)
c:/program files (x86)/atmel/studio/7.0/toolchain/avr8/avr8-gnu-toolchain/bin/../lib/gcc/avr/5.4.0/../../../../avr/lib/avr5\libm.a(divsf3.o)
                              Math_Helpers.o (__divsf3)
c:/program files (x86)/atmel/studio/7.0/toolchain/avr8/avr8-gnu-toolchain/bin/../lib/gcc/avr/5.4.0/../../../../avr/lib/avr5\libm.a(divsf3x.o)
                              c:/program files (x86)/atmel/studio/7.0/toolchain/avr8/avr8-gnu-toolchain/bin/../lib/gcc/avr/5.4.0/../../../../avr/lib/avr5\libm.a(divsf3.o) (__divsf3x)
c:/program files (x86)/atmel/studio/7.0/toolchain/avr8/avr8-gnu-toolchain/bin/../lib/gcc/avr/5.4.0/../../../../avr/lib/avr5\libm.a(fixsfsi.o)
                              Sketch.o (__fixsfsi)
c:/program files (x86)/atmel/studio/7.0/toolchain/avr8/avr8-gnu-toolchain/bin/../lib/gcc/avr/5.4.0/../../../../avr/lib/avr5\libm.a(fixunssfsi.o)
                              Sketch.o (__fixunssfsi)
c:/program files (x86)/atmel/studio/7.0/toolchain/avr8/avr8-gnu-toolchain/bin/../lib/gcc/avr/5.4.0/../../../../avr/lib/avr5\libm.a(floatsisf.o)
                              Sketch.o (__floatunsisf)
c:/program files (x86)/atmel/studio/7.0/toolchain/avr8/avr8-gnu-toolchain/bin/../lib/gcc/avr/5.4.0/../../../../avr/lib/avr5\libm.a(fp_cmp.o)
                              c:/program files (x86)/atmel/studio/7.0/toolchain/avr8/avr8-gnu-toolchain/bin/../lib/gcc/avr/5.4.0/../../../../avr/lib/avr5\libm.a(cmpsf2.o) (__fp_cmp)
c:/program files (x86)/atmel/studio/7.0/toolchain/avr8/avr8-gnu-toolchain/bin/../lib/gcc/avr/5.4.0/../../../../avr/lib/avr5\libm.a(fp_inf.o)
                              c:/program files (x86)/atmel/studio/7.0/toolchain/avr8/avr8-gnu-toolchain/bin/../lib/gcc/avr/5.4.0/../../../../avr/lib/avr5\libm.a(addsf3x.o) (__fp_inf)
c:/program files (x86)/atmel/studio/7.0/toolchain/avr8/avr8-gnu-toolchain/bin/../lib/gcc/avr/5.4.0/../../../../avr/lib/avr5\libm.a(fp_nan.o)
                              c:/program files (x86)/atmel/studio/7.0/toolchain/avr8/avr8-gnu-toolchain/bin/../lib/gcc/avr/5.4.0/../../../../avr/lib/avr5\libm.a(addsf3x.o) (__fp_nan)
c:/program files (x86)/atmel/studio/7.0/toolchain/avr8/avr8-gnu-toolchain/bin/../lib/gcc/avr/5.4.0/../../../../avr/lib/avr5\libm.a(fp_pscA.o)
                              c:/program files (x86)/atmel/studio/7.0/toolchain/avr8/avr8-gnu-toolchain/bin/../lib/gcc/avr/5.4.0/../../../../avr/lib/avr5\libm.a(addsf3x.o) (__fp_pscA)
c:/program files (x86)/atmel/studio/7.0/toolchain/avr8/avr8-gnu-toolchain/bin/../lib/gcc/avr/5.4.0/../../../../avr/lib/avr5\libm.a(fp_pscB.o)
                              c:/program files (x86)/atmel/studio/7.0/toolchain/avr8/avr8-gnu-toolchain/bin/../lib/gcc/avr/5.4.0/../../../../avr/lib/avr5\libm.a(addsf3x.o) (__fp_pscB)
c:/program files (x86)/atmel/studio/7.0/toolchain/avr8/avr8-gnu-toolchain/bin/../lib/gcc/avr/5.4.0/../../../../avr/lib/avr5\libm.a(fp_round.o)
                              c:/program files (x86)/atmel/studio/7.0/toolchain/avr8/avr8-gnu-toolchain/bin/../lib/gcc/avr/5.4.0/../../../../avr/lib/avr5\libm.a(addsf3.o) (__fp_round)
c:/program files (x86)/atmel/studio/7.0/toolchain/avr8/avr8-gnu-toolchain/bin/../lib/gcc/avr/5.4.0/../../../../avr/lib/avr5\libm.a(fp_split3.o)
                              c:/program files (x86)/atmel/studio/7.0/toolchain/avr8/avr8-gnu-toolchain/bin/../lib/gcc/avr/5.4.0/../../../../avr/lib/avr5\libm.a(addsf3x.o) (__fp_split3)
c:/program files (x86)/atmel/studio/7.0/toolchain/avr8/avr8-gnu-toolchain/bin/../lib/gcc/avr/5.4.0/../../../../avr/lib/avr5\libm.a(fp_zero.o)
                              c:/program files (x86)/atmel/studio/7.0/toolchain/avr8/avr8-gnu-toolchain/bin/../lib/gcc/avr/5.4.0/../../../../avr/lib/avr5\libm.a(addsf3x.o) (__fp_zero)
c:/program files (x86)/atmel/studio/7.0/toolchain/avr8/avr8-gnu-toolchain/bin/../lib/gcc/avr/5.4.0/../../../../avr/lib/avr5\libm.a(gesf2.o)
                              Math_Helpers.o (__gtsf2)
c:/program files (x86)/atmel/studio/7.0/toolchain/avr8/avr8-gnu-toolchain/bin/../lib/gcc/avr/5.4.0/../../../../avr/lib/avr5\libm.a(mulsf3.o)
                              Math_Helpers.o (__mulsf3)
[...]
Memory Configuration

Name             Origin             Length             Attributes
text             0x00000000         0x00020000         xr
data             0x00800060         0x0000ffa0         rw !x
eeprom           0x00810000         0x00010000         rw !x
fuse             0x00820000         0x00000003         rw !x
lock             0x00830000         0x00000400         rw !x
signature        0x00840000         0x00000400         rw !x
user_signatures  0x00850000         0x00000400         rw !x
*default*        0x00000000         0xffffffff

Linker script and memory map

Address of section .data set to 0x800100
LOAD C:/Program Files (x86)/Atmel/Studio/7.0/Packs/atmel/ATmega_DFP/1.2.209/gcc/dev/atmega328p/avr5/crtatmega328p.o
LOAD ADC_Configuration.o
LOAD Math_Helpers.o
LOAD Serial_Commands.o
LOAD Serial_Processing.o
LOAD Sketch.o
LOAD Step_Output_Configuration.o
START GROUP
LOAD c:/program files (x86)/atmel/studio/7.0/toolchain/avr8/avr8-gnu-toolchain/bin/../lib/gcc/avr/5.4.0/../../../../avr/lib/avr5\libm.a
LOAD C:\Users\Anthony\DOCUME~1\GitHub\SPOOLE~1\traverse\ATMELS~1\SPOOLE~1\ARDUIN~1\Debug\libArduinoCore.a
END GROUP
LOAD c:/program files (x86)/atmel/studio/7.0/toolchain/avr8/avr8-gnu-toolchain/bin/../lib/gcc/avr/5.4.0/avr5\libgcc.a
LOAD c:/program files (x86)/atmel/studio/7.0/toolchain/avr8/avr8-gnu-toolchain/bin/../lib/gcc/avr/5.4.0/../../../../avr/lib/avr5\libm.a
START GROUP
LOAD c:/program files (x86)/atmel/studio/7.0/toolchain/avr8/avr8-gnu-toolchain/bin/../lib/gcc/avr/5.4.0/avr5\libgcc.a
LOAD c:/program files (x86)/atmel/studio/7.0/toolchain/avr8/avr8-gnu-toolchain/bin/../lib/gcc/avr/5.4.0/../../../../avr/lib/avr5\libm.a
LOAD c:/program files (x86)/atmel/studio/7.0/toolchain/avr8/avr8-gnu-toolchain/bin/../lib/gcc/avr/5.4.0/../../../../avr/lib/avr5\libc.a
LOAD C:/Program Files (x86)/Atmel/Studio/7.0/Packs/atmel/ATmega_DFP/1.2.209/gcc/dev/atmega328p/avr5\libatmega328p.a
END GROUP
                0x00020000                __TEXT_REGION_LENGTH__ = DEFINED (__TEXT_REGION_LENGTH__)?__TEXT_REGION_LENGTH__:0x20000
                0x0000ffa0                __DATA_REGION_LENGTH__ = DEFINED (__DATA_REGION_LENGTH__)?__DATA_REGION_LENGTH__:0xffa0
                0x00010000                __EEPROM_REGION_LENGTH__ = DEFINED (__EEPROM_REGION_LENGTH__)?__EEPROM_REGION_LENGTH__:0x10000
                [0x00000003]                __FUSE_REGION_LENGTH__ = DEFINED (__FUSE_REGION_LENGTH__)?__FUSE_REGION_LENGTH__:0x400
                0x00000400                __LOCK_REGION_LENGTH__ = DEFINED (__LOCK_REGION_LENGTH__)?__LOCK_REGION_LENGTH__:0x400
                0x00000400                __SIGNATURE_REGION_LENGTH__ = DEFINED (__SIGNATURE_REGION_LENGTH__)?__SIGNATURE_REGION_LENGTH__:0x400
                0x00000400                __USER_SIGNATURE_REGION_LENGTH__ = DEFINED (__USER_SIGNATURE_REGION_LENGTH__)?__USER_SIGNATURE_REGION_LENGTH__:0x400

.hash
 *(.hash)

.dynsym
 *(.dynsym)

.dynstr
 *(.dynstr)

.gnu.version
 *(.gnu.version)

.gnu.version_d
 *(.gnu.version_d)

.gnu.version_r
 *(.gnu.version_r)

.rel.init
 *(.rel.init)

.rela.init
 *(.rela.init)

.rel.text
 *(.rel.text)
 *(.rel.text.*)
 *(.rel.gnu.linkonce.t*)

.rela.text
 *(.rela.text)
 *(.rela.text.*)
 *(.rela.gnu.linkonce.t*)

.rel.fini
 *(.rel.fini)

.rela.fini
 *(.rela.fini)

.rel.rodata
 *(.rel.rodata)
 *(.rel.rodata.*)
 *(.rel.gnu.linkonce.r*)

.rela.rodata
 *(.rela.rodata)
 *(.rela.rodata.*)
 *(.rela.gnu.linkonce.r*)

.rel.data
 *(.rel.data)
 *(.rel.data.*)
 *(.rel.gnu.linkonce.d*)

.rela.data
 *(.rela.data)
 *(.rela.data.*)
 *(.rela.gnu.linkonce.d*)

.rel.ctors
 *(.rel.ctors)

.rela.ctors
 *(.rela.ctors)

.rel.dtors
 *(.rel.dtors)

.rela.dtors
 *(.rela.dtors)

.rel.got
 *(.rel.got)

.rela.got
 *(.rela.got)

.rel.bss
 *(.rel.bss)

.rela.bss
 *(.rela.bss)

.rel.plt
 *(.rel.plt)

.rela.plt
 *(.rela.plt)

.text           0x00000000     0x45b8
 *(.vectors)
 .vectors       0x00000000       0x68 C:/Program Files (x86)/Atmel/Studio/7.0/Packs/atmel/ATmega_DFP/1.2.209/gcc/dev/atmega328p/avr5/crtatmega328p.o
                0x00000000                __vector_default
                0x00000000                __vectors
 *(.vectors)
 *(.progmem.gcc*)
                0x00000068                . = ALIGN (0x2)
                0x00000068                __trampolines_start = .
 *(.trampolines)
 .trampolines   0x00000068        0x0 linker stubs
 *(.trampolines*)
                0x00000068                __trampolines_end = .
 *libprintf_flt.a:*(.progmem.data)
 *libc.a:*(.progmem.data)
 *(.progmem*)
 .progmem.data._ZL34digital_pin_to_port_bit_number_PGM
                0x00000068       0x14 Sketch.o
 .progmem.data.digital_pin_to_bit_mask_PGM
                0x0000007c       0x14 C:\Users\Anthony\DOCUME~1\GitHub\SPOOLE~1\traverse\ATMELS~1\SPOOLE~1\ARDUIN~1\Debug\libArduinoCore.a(wiring_digital.o)
                0x0000007c                digital_pin_to_bit_mask_PGM
 .progmem.data.digital_pin_to_port_PGM
                0x00000090       0x14 C:\Users\Anthony\DOCUME~1\GitHub\SPOOLE~1\traverse\ATMELS~1\SPOOLE~1\ARDUIN~1\Debug\libArduinoCore.a(wiring_digital.o)
                0x00000090                digital_pin_to_port_PGM
 .progmem.data.port_to_input_PGM
                0x000000a4        0xa C:\Users\Anthony\DOCUME~1\GitHub\SPOOLE~1\traverse\ATMELS~1\SPOOLE~1\ARDUIN~1\Debug\libArduinoCore.a(wiring_digital.o)
                0x000000a4                port_to_input_PGM
 .progmem.data.port_to_output_PGM
                0x000000ae        0xa C:\Users\Anthony\DOCUME~1\GitHub\SPOOLE~1\traverse\ATMELS~1\SPOOLE~1\ARDUIN~1\Debug\libArduinoCore.a(wiring_digital.o)
                0x000000ae                port_to_output_PGM
 .progmem.data.port_to_mode_PGM
                0x000000b8        0xa C:\Users\Anthony\DOCUME~1\GitHub\SPOOLE~1\traverse\ATMELS~1\SPOOLE~1\ARDUIN~1\Debug\libArduinoCore.a(wiring_digital.o)
                0x000000b8                port_to_mode_PGM
                0x000000c2                . = ALIGN (0x2)
 *(.jumptables)
 *(.jumptables*)
 *(.lowtext)
 *(.lowtext*)
                0x000000c2                __ctors_start = .
 *(.ctors)
 .ctors         0x000000c2        0x2 Sketch.o
 .ctors         0x000000c4        0x2 C:\Users\Anthony\DOCUME~1\GitHub\SPOOLE~1\traverse\ATMELS~1\SPOOLE~1\ARDUIN~1\Debug\libArduinoCore.a(HardwareSerial0.o)
                0x000000c6                __ctors_end = .
                0x000000c6                __dtors_start = .
 *(.dtors)
 .dtors         0x000000c6        0x2 Sketch.o
                0x000000c8                __dtors_end = .
 SORT(*)(.ctors)
 SORT(*)(.dtors)
 *(.init0)
 .init0         0x000000c8        0x0 C:/Program Files (x86)/Atmel/Studio/7.0/Packs/atmel/ATmega_DFP/1.2.209/gcc/dev/atmega328p/avr5/crtatmega328p.o
                0x000000c8                __init
 *(.init0)
 *(.init1)
 *(.init1)
 *(.init2)
 .init2         0x000000c8        0xc C:/Program Files (x86)/Atmel/Studio/7.0/Packs/atmel/ATmega_DFP/1.2.209/gcc/dev/atmega328p/avr5/crtatmega328p.o
 *(.init2)
 *(.init3)
 *(.init3)
 *(.init4)
 .init4         0x000000d4       0x16 c:/program files (x86)/atmel/studio/7.0/toolchain/avr8/avr8-gnu-toolchain/bin/../lib/gcc/avr/5.4.0/avr5\libgcc.a(_copy_data.o)
                0x000000d4                __do_copy_data
 .init4         0x000000ea       0x10 c:/program files (x86)/atmel/studio/7.0/toolchain/avr8/avr8-gnu-toolchain/bin/../lib/gcc/avr/5.4.0/avr5\libgcc.a(_clear_bss.o)
                0x000000ea                __do_clear_bss
 *(.init4)
 *(.init5)
 *(.init5)
 *(.init6)
 .init6         0x000000fa       0x16 c:/program files (x86)/atmel/studio/7.0/toolchain/avr8/avr8-gnu-toolchain/bin/../lib/gcc/avr/5.4.0/avr5\libgcc.a(_ctors.o)
                0x000000fa                __do_global_ctors
 *(.init6)
 *(.init7)
 *(.init7)
 *(.init8)
 *(.init8)
 *(.init9)
 .init9         0x00000110        0x8 C:/Program Files (x86)/Atmel/Studio/7.0/Packs/atmel/ATmega_DFP/1.2.209/gcc/dev/atmega328p/avr5/crtatmega328p.o
 *(.init9)
 *(.text)
 .text          0x00000118        0x4 C:/Program Files (x86)/Atmel/Studio/7.0/Packs/atmel/ATmega_DFP/1.2.209/gcc/dev/atmega328p/avr5/crtatmega328p.o
                0x00000118                __vector_22
                0x00000118                __vector_24
                0x00000118                __vector_12
                0x00000118                __bad_interrupt
                0x00000118                __vector_6
                0x00000118                __vector_23
                0x00000118                __vector_25
                0x00000118                __vector_17
                0x00000118                __vector_7
                0x00000118                __vector_9
                0x00000118                __vector_21
                0x00000118                __vector_15
                0x00000118                __vector_8
                0x00000118                __vector_14
                0x00000118                __vector_10
                0x00000118                __vector_20
                0x0000011c                . = ALIGN (0x2)
 *(.text.*)
 .text._ZN17ADC_ConfigurationC2Ev
                0x0000011c       0x1a ADC_Configuration.o
                0x0000011c                _ZN17ADC_ConfigurationC2Ev
                0x0000011c                _ZN17ADC_ConfigurationC1Ev
 .text._ZN17ADC_Configuration8SetupADCEv
                0x00000136       0x46 ADC_Configuration.o
                0x00000136                _ZN17ADC_Configuration8SetupADCEv
 .text._ZN17ADC_ConfigurationD2Ev
                0x0000017c       0x1a ADC_Configuration.o
                0x0000017c                _ZN17ADC_ConfigurationD2Ev
                0x0000017c                _ZN17ADC_ConfigurationD1Ev
 .text._ZN12Math_HelpersC2Ev
                0x00000196       0x1a Math_Helpers.o
                0x00000196                _ZN12Math_HelpersC1Ev
                0x00000196                _ZN12Math_HelpersC2Ev
 .text._ZN12Math_HelpersD2Ev
                0x000001b0       0x1a Math_Helpers.o
                0x000001b0                _ZN12Math_HelpersD2Ev
                0x000001b0                _ZN12Math_HelpersD1Ev
 .text._ZL8Home_cmdiPcS_
                0x000001ca       0x3e Serial_Commands.o
 .text._ZL12GetSteps_cmdiPcS_
                0x00000208       0x4e Serial_Commands.o
 .text._ZL15TraverseRPM_cmdiPcS_
                0x00000256      0x188 Serial_Commands.o
 .text._ZL10Status_cmdiPcS_
                0x000003de       0xc6 Serial_Commands.o
 .text._ZL8Stop_cmdiPcS_
                0x000004a4       0x34 Serial_Commands.o
 .text._ZL11RunMode_cmdiPcS_
                0x000004d8      0x14a Serial_Commands.o
 .text._ZL16MoveAbsolute_cmdiPcS_
                0x00000622      0x184 Serial_Commands.o
 .text._ZL12SpoolRPM_cmdiPcS_
                0x000007a6       0x96 Serial_Commands.o
 .text._ZL15InnerOffset_cmdiPcS_
                0x0000083c      0x14c Serial_Commands.o
 .text._ZL14SpoolWidth_cmdiPcS_
                0x00000988      0x14c Serial_Commands.o
 .text._ZL20FilamentDiameter_cmdiPcS_
                0x00000ad4      0x14c Serial_Commands.o
 .text._ZL13MoveToEnd_cmdiPcS_
                0x00000c20       0x4e Serial_Commands.o
 .text._ZL17StartPosition_cmdiPcS_
                0x00000c6e      0x14a Serial_Commands.o
 .text._ZL19FilamentCapture_cmdiPcS_
                0x00000db8      0x14c Serial_Commands.o
 .text._ZN15Serial_Commands15commandsProcessEv
                0x00000f04       0x54 Serial_Commands.o
                0x00000f04                _ZN15Serial_Commands15commandsProcessEv
 .text._Z17BuildSerialOutputPciS_m
                0x00000f58       0x8e Serial_Commands.o
                0x00000f58                _Z17BuildSerialOutputPciS_m
 .text._ZN15Serial_CommandsC2Ev
                0x00000fe6       0x1a Serial_Commands.o
                0x00000fe6                _ZN15Serial_CommandsC1Ev
                0x00000fe6                _ZN15Serial_CommandsC2Ev
 .text._ZN15Serial_CommandsD2Ev
                0x00001000       0x1a Serial_Commands.o
                0x00001000                _ZN15Serial_CommandsD2Ev
                0x00001000                _ZN15Serial_CommandsD1Ev
 .text._ZN17Serial_ProcessingC2Ev
                0x0000101a       0x4e Serial_Processing.o
                0x0000101a                _ZN17Serial_ProcessingC2Ev
                0x0000101a                _ZN17Serial_ProcessingC1Ev
 .text._ZN17Serial_Processing15CommandsProcessEP8sCommand
                0x00001068       0xc2 Serial_Processing.o
                0x00001068                _ZN17Serial_Processing15CommandsProcessEP8sCommand
 .text._ZN17Serial_Processing12CommandParseEP8sCommandPc
                0x0000112a      0x1da Serial_Processing.o
                0x0000112a                _ZN17Serial_Processing12CommandParseEP8sCommandPc
 .text._ZN17Serial_Processing8strcicmpEPKcS1_
                0x00001304       0x98 Serial_Processing.o
                0x00001304                _ZN17Serial_Processing8strcicmpEPKcS1_
 .text._ZN17Serial_ProcessingD2Ev
                0x0000139c       0x1a Serial_Processing.o
                0x0000139c                _ZN17Serial_ProcessingD1Ev
                0x0000139c                _ZN17Serial_ProcessingD2Ev
 .text._ZN14HardwareSerial5beginEm
                0x000013b6       0x46 Sketch.o
                0x000013b6                _ZN14HardwareSerial5beginEm
 .text._Z15enableInterrupthPFvvEh
                0x000013fc      0x3a8 Sketch.o
                0x000013fc                _Z15enableInterrupthPFvvEh
 .text.__vector_1
                0x000017a4       0x62 Sketch.o
                0x000017a4                __vector_1
 .text.__vector_2
                0x00001806       0x62 Sketch.o
                0x00001806                __vector_2
 .text.__vector_3
                0x00001868      0x15a Sketch.o
                0x00001868                __vector_3
 .text.__vector_4
                0x000019c2      0x15a Sketch.o
                0x000019c2                __vector_4
 .text.__vector_5
                0x00001b1c      0x186 Sketch.o
                0x00001b1c                __vector_5
 .text.__vector_13
                0x00001ca2      0x1e8 Sketch.o
                0x00001ca2                __vector_13
 .text.__vector_11
                0x00001e8a      0x1ca Sketch.o
                0x00001e8a                __vector_11
 .text._Z17spoolPulse_Vectorv
                0x00002054      0x12c Sketch.o
                0x00002054                _Z17spoolPulse_Vectorv
 .text.setup    0x00002180       0x9a Sketch.o
                0x00002180                setup
 .text.loop     0x0000221a      0x84a Sketch.o
                0x0000221a                loop
 .text._Z16ToggleStepOutputv
                0x00002a64       0x40 Sketch.o
                0x00002a64                _Z16ToggleStepOutputv
 .text._Z20MoveAbsolutePositionmm
                0x00002aa4       0x60 Sketch.o
                0x00002aa4                _Z20MoveAbsolutePositionmm
 .text._Z20MoveRelativePositionll
                0x00002b04       0x78 Sketch.o
                0x00002b04                _Z20MoveRelativePositionll
 .text._Z4homev
                0x00002b7c      0x31e Sketch.o
                0x00002b7c                _Z4homev
 .text._Z9MMToStepsm
                0x00002e9a       0xb6 Sketch.o
                0x00002e9a                _Z9MMToStepsm
 .text._Z16Set_Traverse_RPMl
                0x00002f50       0xac Sketch.o
                0x00002f50                _Z16Set_Traverse_RPMl
 .text._Z41__static_initialization_and_destruction_0ii
                0x00002ffc       0xbc Sketch.o
 .text._GLOBAL__sub_I_pcmsk
                0x000030b8       0x1a Sketch.o
 .text._GLOBAL__sub_D_pcmsk
                0x000030d2       0x1a Sketch.o
 .text._ZN25Step_Output_ConfigurationC2Ev
                0x000030ec       0x1a Step_Output_Configuration.o
                0x000030ec                _ZN25Step_Output_ConfigurationC1Ev
                0x000030ec                _ZN25Step_Output_ConfigurationC2Ev
 .text._ZN25Step_Output_Configuration15SetupStepOutputEv
                0x00003106       0x3e Step_Output_Configuration.o
                0x00003106                _ZN25Step_Output_Configuration15SetupStepOutputEv
 .text._ZN25Step_Output_ConfigurationD2Ev
                0x00003144       0x1a Step_Output_Configuration.o
                0x00003144                _ZN25Step_Output_ConfigurationD2Ev
                0x00003144                _ZN25Step_Output_ConfigurationD1Ev
 .text.avr-libc.fplib
                0x0000315e        0xe c:/program files (x86)/atmel/studio/7.0/toolchain/avr8/avr8-gnu-toolchain/bin/../lib/gcc/avr/5.4.0/../../../../avr/lib/avr5\libm.a(fixsfsi.o)
                0x0000315e                __fixsfsi
 .text.avr-libc.fplib
                0x0000316c       0x5e c:/program files (x86)/atmel/studio/7.0/toolchain/avr8/avr8-gnu-toolchain/bin/../lib/gcc/avr/5.4.0/../../../../avr/lib/avr5\libm.a(fixunssfsi.o)
                0x0000316c                __fixunssfsi
 .text.avr-libc.fplib
                0x000031ca       0x7a c:/program files (x86)/atmel/studio/7.0/toolchain/avr8/avr8-gnu-toolchain/bin/../lib/gcc/avr/5.4.0/../../../../avr/lib/avr5\libm.a(floatsisf.o)
                0x000031ca                __floatunsisf
                0x000031ce                __floatsisf
 .text.avr-libc.fplib
                0x00003244        0xc c:/program files (x86)/atmel/studio/7.0/toolchain/avr8/avr8-gnu-toolchain/bin/../lib/gcc/avr/5.4.0/../../../../avr/lib/avr5\libm.a(fp_inf.o)
                0x00003244                __fp_inf
 .text.avr-libc.fplib
                0x00003250        0x6 c:/program files (x86)/atmel/studio/7.0/toolchain/avr8/avr8-gnu-toolchain/bin/../lib/gcc/avr/5.4.0/../../../../avr/lib/avr5\libm.a(fp_nan.o)
                0x00003250                __fp_nan
 .text.avr-libc.fplib
                0x00003256        0xe c:/program files (x86)/atmel/studio/7.0/toolchain/avr8/avr8-gnu-toolchain/bin/../lib/gcc/avr/5.4.0/../../../../avr/lib/avr5\libm.a(fp_pscA.o)
                0x00003256                __fp_pscA
 .text.avr-libc.fplib
                0x00003264        0xe c:/program files (x86)/atmel/studio/7.0/toolchain/avr8/avr8-gnu-toolchain/bin/../lib/gcc/avr/5.4.0/../../../../avr/lib/avr5\libm.a(fp_pscB.o)
                0x00003264                __fp_pscB
 .text.avr-libc.fplib
                0x00003272       0x22 c:/program files (x86)/atmel/studio/7.0/toolchain/avr8/avr8-gnu-toolchain/bin/../lib/gcc/avr/5.4.0/../../../../avr/lib/avr5\libm.a(fp_round.o)
                0x00003272                __fp_round
 .text.avr-libc.fplib
                0x00003294       0x44 c:/program files (x86)/atmel/studio/7.0/toolchain/avr8/avr8-gnu-toolchain/bin/../lib/gcc/avr/5.4.0/../../../../avr/lib/avr5\libm.a(fp_split3.o)
                0x00003294                __fp_split3
                0x000032a4                __fp_splitA
 .text.avr-libc.fplib
                0x000032d8        0xe c:/program files (x86)/atmel/studio/7.0/toolchain/avr8/avr8-gnu-toolchain/bin/../lib/gcc/avr/5.4.0/../../../../avr/lib/avr5\libm.a(fp_zero.o)
                0x000032d8                __fp_zero
                0x000032da                __fp_szero
 .text.avr-libc.fplib
                0x000032e6        0x8 c:/program files (x86)/atmel/studio/7.0/toolchain/avr8/avr8-gnu-toolchain/bin/../lib/gcc/avr/5.4.0/../../../../avr/lib/avr5\libm.a(mulsf3.o)
                0x000032e6                __mulsf3
 .text.avr-libc.fplib
                0x000032ee       0xd2 c:/program files (x86)/atmel/studio/7.0/toolchain/avr8/avr8-gnu-toolchain/bin/../lib/gcc/avr/5.4.0/../../../../avr/lib/avr5\libm.a(mulsf3x.o)
                0x0000330c                __mulsf3x
                0x00003312                __mulsf3_pse
 .text._ZN14HardwareSerial9availableEv
                0x000033c0       0x18 C:\Users\Anthony\DOCUME~1\GitHub\SPOOLE~1\traverse\ATMELS~1\SPOOLE~1\ARDUIN~1\Debug\libArduinoCore.a(HardwareSerial.o)
                0x000033c0                _ZN14HardwareSerial9availableEv
 .text._ZN14HardwareSerial4peekEv
                0x000033d8       0x1c C:\Users\Anthony\DOCUME~1\GitHub\SPOOLE~1\traverse\ATMELS~1\SPOOLE~1\ARDUIN~1\Debug\libArduinoCore.a(HardwareSerial.o)
                0x000033d8                _ZN14HardwareSerial4peekEv
 .text._ZN14HardwareSerial4readEv
                0x000033f4       0x28 C:\Users\Anthony\DOCUME~1\GitHub\SPOOLE~1\traverse\ATMELS~1\SPOOLE~1\ARDUIN~1\Debug\libArduinoCore.a(HardwareSerial.o)
                0x000033f4                _ZN14HardwareSerial4readEv
 .text._ZN14HardwareSerial17availableForWriteEv
                0x0000341c       0x1e C:\Users\Anthony\DOCUME~1\GitHub\SPOOLE~1\traverse\ATMELS~1\SPOOLE~1\ARDUIN~1\Debug\libArduinoCore.a(HardwareSerial.o)
                0x0000341c                _ZN14HardwareSerial17availableForWriteEv
 .text._Z14serialEventRunv
                0x0000343a       0x1c C:\Users\Anthony\DOCUME~1\GitHub\SPOOLE~1\traverse\ATMELS~1\SPOOLE~1\ARDUIN~1\Debug\libArduinoCore.a(HardwareSerial.o)
                0x0000343a                _Z14serialEventRunv
 .text._ZN14HardwareSerial17_tx_udr_empty_irqEv
                0x00003456       0x44 C:\Users\Anthony\DOCUME~1\GitHub\SPOOLE~1\traverse\ATMELS~1\SPOOLE~1\ARDUIN~1\Debug\libArduinoCore.a(HardwareSerial.o)
                0x00003456                _ZN14HardwareSerial17_tx_udr_empty_irqEv
 .text._ZN14HardwareSerial5writeEh
                0x0000349a       0x9a C:\Users\Anthony\DOCUME~1\GitHub\SPOOLE~1\traverse\ATMELS~1\SPOOLE~1\ARDUIN~1\Debug\libArduinoCore.a(HardwareSerial.o)
                0x0000349a                _ZN14HardwareSerial5writeEh
 .text._ZN14HardwareSerial5flushEv
                0x00003534       0x44 C:\Users\Anthony\DOCUME~1\GitHub\SPOOLE~1\traverse\ATMELS~1\SPOOLE~1\ARDUIN~1\Debug\libArduinoCore.a(HardwareSerial.o)
                0x00003534                _ZN14HardwareSerial5flushEv
 .text._ZN14HardwareSerial5beginEmh
                0x00003578       0xca C:\Users\Anthony\DOCUME~1\GitHub\SPOOLE~1\traverse\ATMELS~1\SPOOLE~1\ARDUIN~1\Debug\libArduinoCore.a(HardwareSerial.o)
                0x00003578                _ZN14HardwareSerial5beginEmh
 .text.__vector_18
                0x00003642       0x64 C:\Users\Anthony\DOCUME~1\GitHub\SPOOLE~1\traverse\ATMELS~1\SPOOLE~1\ARDUIN~1\Debug\libArduinoCore.a(HardwareSerial0.o)
                0x00003642                __vector_18
 .text.__vector_19
                0x000036a6       0x4c C:\Users\Anthony\DOCUME~1\GitHub\SPOOLE~1\traverse\ATMELS~1\SPOOLE~1\ARDUIN~1\Debug\libArduinoCore.a(HardwareSerial0.o)
                0x000036a6                __vector_19
 .text._Z17Serial0_availablev
                0x000036f2       0x14 C:\Users\Anthony\DOCUME~1\GitHub\SPOOLE~1\traverse\ATMELS~1\SPOOLE~1\ARDUIN~1\Debug\libArduinoCore.a(HardwareSerial0.o)
                0x000036f2                _Z17Serial0_availablev
 .text.startup._GLOBAL__sub_I___vector_18
                0x00003706       0x5a C:\Users\Anthony\DOCUME~1\GitHub\SPOOLE~1\traverse\ATMELS~1\SPOOLE~1\ARDUIN~1\Debug\libArduinoCore.a(HardwareSerial0.o)
 .text.initVariant
                0x00003760        0x2 C:\Users\Anthony\DOCUME~1\GitHub\SPOOLE~1\traverse\ATMELS~1\SPOOLE~1\ARDUIN~1\Debug\libArduinoCore.a(main.o)
                0x00003760                initVariant
 .text.startup.main
                0x00003762       0x1e C:\Users\Anthony\DOCUME~1\GitHub\SPOOLE~1\traverse\ATMELS~1\SPOOLE~1\ARDUIN~1\Debug\libArduinoCore.a(main.o)
                0x00003762                main
 .text._ZN5Print5writeEPKhj
                0x00003780       0x54 C:\Users\Anthony\DOCUME~1\GitHub\SPOOLE~1\traverse\ATMELS~1\SPOOLE~1\ARDUIN~1\Debug\libArduinoCore.a(Print.o)
                0x00003780                _ZN5Print5writeEPKhj
 .text._ZN5Print5writeEPKc
                0x000037d4       0x2a C:\Users\Anthony\DOCUME~1\GitHub\SPOOLE~1\traverse\ATMELS~1\SPOOLE~1\ARDUIN~1\Debug\libArduinoCore.a(Print.o)
                0x000037d4                _ZN5Print5writeEPKc
 .text._ZN5Print5printEPKc
                0x000037fe        0x4 C:\Users\Anthony\DOCUME~1\GitHub\SPOOLE~1\traverse\ATMELS~1\SPOOLE~1\ARDUIN~1\Debug\libArduinoCore.a(Print.o)
                0x000037fe                _ZN5Print5printEPKc
 .text._ZN5Print5printEc
                0x00003802        0xe C:\Users\Anthony\DOCUME~1\GitHub\SPOOLE~1\traverse\ATMELS~1\SPOOLE~1\ARDUIN~1\Debug\libArduinoCore.a(Print.o)
                0x00003802                _ZN5Print5printEc
 .text._ZN5Print7printlnEv
                0x00003810        0x8 C:\Users\Anthony\DOCUME~1\GitHub\SPOOLE~1\traverse\ATMELS~1\SPOOLE~1\ARDUIN~1\Debug\libArduinoCore.a(Print.o)
                0x00003810                _ZN5Print7printlnEv
 .text._ZN5Print7printlnEPKc
                0x00003818       0x24 C:\Users\Anthony\DOCUME~1\GitHub\SPOOLE~1\traverse\ATMELS~1\SPOOLE~1\ARDUIN~1\Debug\libArduinoCore.a(Print.o)
                0x00003818                _ZN5Print7printlnEPKc
 .text._ZN5Print11printNumberEmh
                0x0000383c       0x92 C:\Users\Anthony\DOCUME~1\GitHub\SPOOLE~1\traverse\ATMELS~1\SPOOLE~1\ARDUIN~1\Debug\libArduinoCore.a(Print.o)
                0x0000383c                _ZN5Print11printNumberEmh
 .text._ZN5Print5printEli
                0x000038ce       0x90 C:\Users\Anthony\DOCUME~1\GitHub\SPOOLE~1\traverse\ATMELS~1\SPOOLE~1\ARDUIN~1\Debug\libArduinoCore.a(Print.o)
                0x000038ce                _ZN5Print5printEli
 .text._ZN5Print7printlnEli
                0x0000395e       0x24 C:\Users\Anthony\DOCUME~1\GitHub\SPOOLE~1\traverse\ATMELS~1\SPOOLE~1\ARDUIN~1\Debug\libArduinoCore.a(Print.o)
                0x0000395e                _ZN5Print7printlnEli
 .text._ZN6Stream9timedReadEv
                0x00003982       0x60 C:\Users\Anthony\DOCUME~1\GitHub\SPOOLE~1\traverse\ATMELS~1\SPOOLE~1\ARDUIN~1\Debug\libArduinoCore.a(Stream.o)
                0x00003982                _ZN6Stream9timedReadEv
 .text._ZN6Stream10setTimeoutEm
                0x000039e2        0xc C:\Users\Anthony\DOCUME~1\GitHub\SPOOLE~1\traverse\ATMELS~1\SPOOLE~1\ARDUIN~1\Debug\libArduinoCore.a(Stream.o)
                0x000039e2                _ZN6Stream10setTimeoutEm
 .text._ZN6Stream14readBytesUntilEcPcj
                0x000039ee       0x68 C:\Users\Anthony\DOCUME~1\GitHub\SPOOLE~1\traverse\ATMELS~1\SPOOLE~1\ARDUIN~1\Debug\libArduinoCore.a(Stream.o)
                0x000039ee                _ZN6Stream14readBytesUntilEcPcj
 .text.__vector_16
                0x00003a56       0x94 C:\Users\Anthony\DOCUME~1\GitHub\SPOOLE~1\traverse\ATMELS~1\SPOOLE~1\ARDUIN~1\Debug\libArduinoCore.a(wiring.o)
                0x00003a56                __vector_16
 .text.millis   0x00003aea       0x18 C:\Users\Anthony\DOCUME~1\GitHub\SPOOLE~1\traverse\ATMELS~1\SPOOLE~1\ARDUIN~1\Debug\libArduinoCore.a(wiring.o)
                0x00003aea                millis
 .text.init     0x00003b02       0x76 C:\Users\Anthony\DOCUME~1\GitHub\SPOOLE~1\traverse\ATMELS~1\SPOOLE~1\ARDUIN~1\Debug\libArduinoCore.a(wiring.o)
                0x00003b02                init
 .text.pinMode  0x00003b78       0x78 C:\Users\Anthony\DOCUME~1\GitHub\SPOOLE~1\traverse\ATMELS~1\SPOOLE~1\ARDUIN~1\Debug\libArduinoCore.a(wiring_digital.o)
                0x00003b78                pinMode
 .text.libgcc.mul
                0x00003bf0       0x20 c:/program files (x86)/atmel/studio/7.0/toolchain/avr8/avr8-gnu-toolchain/bin/../lib/gcc/avr/5.4.0/avr5\libgcc.a(_mulsi3.o)
                0x00003bf0                __mulsi3
 .text.libgcc.div
                0x00003c10       0x44 c:/program files (x86)/atmel/studio/7.0/toolchain/avr8/avr8-gnu-toolchain/bin/../lib/gcc/avr/5.4.0/avr5\libgcc.a(_udivmodsi4.o)
                0x00003c10                __udivmodsi4
 .text.libgcc.div
                0x00003c54       0x2e c:/program files (x86)/atmel/studio/7.0/toolchain/avr8/avr8-gnu-toolchain/bin/../lib/gcc/avr/5.4.0/avr5\libgcc.a(_divmodsi4.o)
                0x00003c54                __divmodsi4
 .text.libgcc.div
                0x00003c82       0x10 c:/program files (x86)/atmel/studio/7.0/toolchain/avr8/avr8-gnu-toolchain/bin/../lib/gcc/avr/5.4.0/avr5\libgcc.a(_negsi2.o)
                0x00003c82                __negsi2
 .text.libgcc.mul
                0x00003c92       0x16 c:/program files (x86)/atmel/studio/7.0/toolchain/avr8/avr8-gnu-toolchain/bin/../lib/gcc/avr/5.4.0/avr5\libgcc.a(_muluhisi3.o)
                0x00003c92                __muluhisi3
 .text.libgcc   0x00003ca8        0xc c:/program files (x86)/atmel/studio/7.0/toolchain/avr8/avr8-gnu-toolchain/bin/../lib/gcc/avr/5.4.0/avr5\libgcc.a(_tablejump2.o)
                0x00003ca8                __tablejump2__
 .text.libgcc.mul
                0x00003cb4       0x1e c:/program files (x86)/atmel/studio/7.0/toolchain/avr8/avr8-gnu-toolchain/bin/../lib/gcc/avr/5.4.0/avr5\libgcc.a(_umulhisi3.o)
                0x00003cb4                __umulhisi3
 .text.avr-libc
                0x00003cd2      0x22c c:/program files (x86)/atmel/studio/7.0/toolchain/avr8/avr8-gnu-toolchain/bin/../lib/gcc/avr/5.4.0/../../../../avr/lib/avr5\libc.a(strtol.o)
                0x00003cd2                strtol
 .text.avr-libc
                0x00003efe       0x3c c:/program files (x86)/atmel/studio/7.0/toolchain/avr8/avr8-gnu-toolchain/bin/../lib/gcc/avr/5.4.0/../../../../avr/lib/avr5\libc.a(atoi.o)
                0x00003efe                atoi
 .text.avr-libc
                0x00003f3a       0x12 c:/program files (x86)/atmel/studio/7.0/toolchain/avr8/avr8-gnu-toolchain/bin/../lib/gcc/avr/5.4.0/../../../../avr/lib/avr5\libc.a(isspace.o)
                0x00003f3a                isspace
 .text.avr-libc
                0x00003f4c       0x10 c:/program files (x86)/atmel/studio/7.0/toolchain/avr8/avr8-gnu-toolchain/bin/../lib/gcc/avr/5.4.0/../../../../avr/lib/avr5\libc.a(tolower.o)
                0x00003f4c                tolower
 .text.avr-libc
                0x00003f5c        0xa c:/program files (x86)/atmel/studio/7.0/toolchain/avr8/avr8-gnu-toolchain/bin/../lib/gcc/avr/5.4.0/../../../../avr/lib/avr5\libc.a(strtok.o)
                0x00003f5c                strtok
 .text.avr-libc
                0x00003f66       0x4e c:/program files (x86)/atmel/studio/7.0/toolchain/avr8/avr8-gnu-toolchain/bin/../lib/gcc/avr/5.4.0/../../../../avr/lib/avr5\libc.a(strtok_r.o)
                0x00003f66                strtok_r
 .text.avr-libc
                0x00003fb4       0x10 c:/program files (x86)/atmel/studio/7.0/toolchain/avr8/avr8-gnu-toolchain/bin/../lib/gcc/avr/5.4.0/../../../../avr/lib/avr5\libc.a(mul10.o)
                0x00003fb4                __mulhi_const_10
 .text.avr-libc
                0x00003fc4       0x44 c:/program files (x86)/atmel/studio/7.0/toolchain/avr8/avr8-gnu-toolchain/bin/../lib/gcc/avr/5.4.0/../../../../avr/lib/avr5\libc.a(sprintf.o)
                0x00003fc4                sprintf
 .text.avr-libc
                0x00004008      0x3c2 c:/program files (x86)/atmel/studio/7.0/toolchain/avr8/avr8-gnu-toolchain/bin/../lib/gcc/avr/5.4.0/../../../../avr/lib/avr5\libc.a(vfprintf_std.o)
                0x00004008                vfprintf
 .text.avr-libc
                0x000043ca        0x6 c:/program files (x86)/atmel/studio/7.0/toolchain/avr8/avr8-gnu-toolchain/bin/../lib/gcc/avr/5.4.0/../../../../avr/lib/avr5\libc.a(cty_isfalse.o)
                0x000043ca                __ctype_isfalse
                0x000043ce                __ctype_istrue
 .text.avr-libc
                0x000043d0       0x16 c:/program files (x86)/atmel/studio/7.0/toolchain/avr8/avr8-gnu-toolchain/bin/../lib/gcc/avr/5.4.0/../../../../avr/lib/avr5\libc.a(strnlen_P.o)
                0x000043d0                strnlen_P
 .text.avr-libc
                0x000043e6       0x16 c:/program files (x86)/atmel/studio/7.0/toolchain/avr8/avr8-gnu-toolchain/bin/../lib/gcc/avr/5.4.0/../../../../avr/lib/avr5\libc.a(strnlen.o)
                0x000043e6                strnlen
 .text.avr-libc
                0x000043fc       0x78 c:/program files (x86)/atmel/studio/7.0/toolchain/avr8/avr8-gnu-toolchain/bin/../lib/gcc/avr/5.4.0/../../../../avr/lib/avr5\libc.a(fputc.o)
                0x000043fc                fputc
 .text.avr-libc
                0x00004474       0xbc c:/program files (x86)/atmel/studio/7.0/toolchain/avr8/avr8-gnu-toolchain/bin/../lib/gcc/avr/5.4.0/../../../../avr/lib/avr5\libc.a(ultoa_invert.o)
                0x00004474                __ultoa_invert
 .text.libgcc.prologue
                0x00004530       0x38 c:/program files (x86)/atmel/studio/7.0/toolchain/avr8/avr8-gnu-toolchain/bin/../lib/gcc/avr/5.4.0/avr5\libgcc.a(_prologue.o)
                0x00004530                __prologue_saves__
 .text.libgcc.prologue
                0x00004568       0x36 c:/program files (x86)/atmel/studio/7.0/toolchain/avr8/avr8-gnu-toolchain/bin/../lib/gcc/avr/5.4.0/avr5\libgcc.a(_epilogue.o)
                0x00004568                __epilogue_restores__
                0x0000459e                . = ALIGN (0x2)
 *(.fini9)
 .fini9         0x0000459e        0x0 c:/program files (x86)/atmel/studio/7.0/toolchain/avr8/avr8-gnu-toolchain/bin/../lib/gcc/avr/5.4.0/avr5\libgcc.a(_exit.o)
                0x0000459e                _exit
                0x0000459e                exit
 *(.fini9)
 *(.fini8)
 *(.fini8)
 *(.fini7)
 *(.fini7)
 *(.fini6)
 .fini6         0x0000459e       0x16 c:/program files (x86)/atmel/studio/7.0/toolchain/avr8/avr8-gnu-toolchain/bin/../lib/gcc/avr/5.4.0/avr5\libgcc.a(_dtors.o)
                0x0000459e                __do_global_dtors
 *(.fini6)
 *(.fini5)
 *(.fini5)
 *(.fini4)
 *(.fini4)
 *(.fini3)
 *(.fini3)
 *(.fini2)
 *(.fini2)
 *(.fini1)
 *(.fini1)
 *(.fini0)
 .fini0         0x000045b4        0x4 c:/program files (x86)/atmel/studio/7.0/toolchain/avr8/avr8-gnu-toolchain/bin/../lib/gcc/avr/5.4.0/avr5\libgcc.a(_exit.o)
 *(.fini0)
                0x000045b8                _etext = .

.data           0x00800100      0x2a4 load address 0x000045b8
                0x00800100                PROVIDE (__data_start, .)
 *(.data)
 *(.data*)
 .data._ZL8Home_str
                0x00800100        0x5 Serial_Commands.o
 .data._ZL12GetSteps_str
                0x00800105        0x9 Serial_Commands.o
 .data._ZL15TraverseRPM_str
                0x0080010e        0xc Serial_Commands.o
 .data._ZL10Status_str
                0x0080011a        0x7 Serial_Commands.o
 .data._ZL8Stop_str
                0x00800121        0x5 Serial_Commands.o
 .data._ZL11RunMode_str
                0x00800126        0x8 Serial_Commands.o
 .data._ZL16MoveAbsolute_str
                0x0080012e        0xd Serial_Commands.o
 .data._ZL12SpoolRPM_str
                0x0080013b        0x9 Serial_Commands.o
 .data._ZL15InnerOffset_str
                0x00800144        0xc Serial_Commands.o
 .data._ZL14SpoolWidth_str
                0x00800150        0xb Serial_Commands.o
 .data._ZL20FilamentDiameter_str
                0x0080015b       0x11 Serial_Commands.o
 .data._ZL13MoveToEnd_str
                0x0080016c        0xa Serial_Commands.o
 .data._ZL17StartPosition_str
                0x00800176        0xe Serial_Commands.o
 .data._ZL19FilamentCapture_str
                0x00800184       0x10 Serial_Commands.o
 .data.Cmds     0x00800194       0x3c Serial_Commands.o
                0x00800194                Cmds
 .data._ZL14directionInput
                0x008001d0        0x2 Sketch.o
 .data._ZL18directionOutputPin
                0x008001d2        0x2 Sketch.o
 .data.stepDelay
                0x008001d4        0x4 Sketch.o
                0x008001d4                stepDelay
 .data.spoolUpdateInterval
                0x008001d8        0x2 Sketch.o
                0x008001d8                spoolUpdateInterval
 .data.fullAutoUpdateInterval
                0x008001da        0x2 Sketch.o
                0x008001da                fullAutoUpdateInterval
 .data.INNER_TRAVERSE_OFFSET
                0x008001dc        0x4 Sketch.o
                0x008001dc                INNER_TRAVERSE_OFFSET
 .data.SPOOL_WIDTH
                0x008001e0        0x4 Sketch.o
                0x008001e0                SPOOL_WIDTH
 .data.FILAMENT_DIAMETER
                0x008001e4        0x4 Sketch.o
                0x008001e4                FILAMENT_DIAMETER
 .data.RUN_MODE
                0x008001e8        0x1 Sketch.o
                0x008001e8                RUN_MODE
 .data.TRAVERSE_DIRECTION
                0x008001e9        0x1 Sketch.o
                0x008001e9                TRAVERSE_DIRECTION
 *(.gnu.linkonce.d*)
 *(.rodata)
 .rodata        0x008001ea      0x158 Serial_Commands.o
 .rodata        0x00800342       0x41 Serial_Processing.o
 *(.rodata*)
 .rodata._ZTV14HardwareSerial
                0x00800383       0x12 C:\Users\Anthony\DOCUME~1\GitHub\SPOOLE~1\traverse\ATMELS~1\SPOOLE~1\ARDUIN~1\Debug\libArduinoCore.a(HardwareSerial.o)
                0x00800383                _ZTV14HardwareSerial
 .rodata.str1.1
                0x00800395        0xf C:\Users\Anthony\DOCUME~1\GitHub\SPOOLE~1\traverse\ATMELS~1\SPOOLE~1\ARDUIN~1\Debug\libArduinoCore.a(Print.o)
 *(.gnu.linkonce.r*)
                0x008003a4                . = ALIGN (0x2)
                0x008003a4                _edata = .
                0x008003a4                PROVIDE (__data_end, .)

.bss            0x008003a4      0x11c
                0x008003a4                PROVIDE (__bss_start, .)
 *(.bss)
 .bss           0x008003a4        0x2 c:/program files (x86)/atmel/studio/7.0/toolchain/avr8/avr8-gnu-toolchain/bin/../lib/gcc/avr/5.4.0/../../../../avr/lib/avr5\libc.a(strtok.o)
 *(.bss*)
 .bss.pcmsk     0x008003a6        0x2 Sketch.o
                0x008003a6                pcmsk
 .bss.functionPointerArrayEXTERNAL
                0x008003a8        0x4 Sketch.o
                0x008003a8                functionPointerArrayEXTERNAL
 .bss.portBFunctions
                0x008003ac        0xc Sketch.o
                0x008003ac                portBFunctions
 .bss.portCFunctions
                0x008003b8        0xc Sketch.o
                0x008003b8                portCFunctions
 .bss.portDFunctions
                0x008003c4       0x10 Sketch.o
                0x008003c4                portDFunctions
 .bss.risingPinsPORTB
                0x008003d4        0x1 Sketch.o
                0x008003d4                risingPinsPORTB
 .bss.fallingPinsPORTB
                0x008003d5        0x1 Sketch.o
                0x008003d5                fallingPinsPORTB
 .bss._ZL13portSnapshotB
                0x008003d6        0x1 Sketch.o
 .bss.risingPinsPORTC
                0x008003d7        0x1 Sketch.o
                0x008003d7                risingPinsPORTC
 .bss.fallingPinsPORTC
                0x008003d8        0x1 Sketch.o
                0x008003d8                fallingPinsPORTC
 .bss._ZL13portSnapshotC
                0x008003d9        0x1 Sketch.o
 .bss.risingPinsPORTD
                0x008003da        0x1 Sketch.o
                0x008003da                risingPinsPORTD
 .bss.fallingPinsPORTD
                0x008003db        0x1 Sketch.o
                0x008003db                fallingPinsPORTD
 .bss._ZL13portSnapshotD
                0x008003dc        0x1 Sketch.o
 .bss.traverse_rpm
                0x008003dd        0x4 Sketch.o
                0x008003dd                traverse_rpm
 .bss.directionInputState
                0x008003e1        0x1 Sketch.o
                0x008003e1                directionInputState
 .bss.spoolPulses
                0x008003e2        0x4 Sketch.o
                0x008003e2                spoolPulses
 .bss.spoolTime
                0x008003e6        0x4 Sketch.o
                0x008003e6                spoolTime
 .bss.previousFullAutoTime
                0x008003ea        0x4 Sketch.o
                0x008003ea                previousFullAutoTime
 .bss.previousSpoolTime
                0x008003ee        0x4 Sketch.o
                0x008003ee                previousSpoolTime
 .bss.totalspoolTicks
                0x008003f2        0x4 Sketch.o
                0x008003f2                totalspoolTicks
 .bss.previousSpoolTicks
                0x008003f6        0x4 Sketch.o
                0x008003f6                previousSpoolTicks
 .bss._ZL11last_millis
                0x008003fa        0x4 Sketch.o
 .bss.m         0x008003fe        0x4 Sketch.o
                0x008003fe                m
 .bss.STEPS     0x00800402        0x4 Sketch.o
                0x00800402                STEPS
 .bss.DESIRED_POSITION
                0x00800406        0x4 Sketch.o
                0x00800406                DESIRED_POSITION
 .bss.TRAVERSE_RPM
                0x0080040a        0x4 Sketch.o
                0x0080040a                TRAVERSE_RPM
 .bss.SPOOLRPM  0x0080040e        0x2 Sketch.o
                0x0080040e                SPOOLRPM
 .bss.START_POSITION
                0x00800410        0x1 Sketch.o
                0x00800410                START_POSITION
 .bss.MOVE_TO_END
                0x00800411        0x1 Sketch.o
                0x00800411                MOVE_TO_END
 .bss.FILAMENT_CAPTURE
                0x00800412        0x1 Sketch.o
                0x00800412                FILAMENT_CAPTURE
 .bss.tickFlag  0x00800413        0x1 Sketch.o
                0x00800413                tickFlag
 .bss.previousCaptureState
                0x00800414        0x1 Sketch.o
                0x00800414                previousCaptureState
 .bss.previousStartPosition
                0x00800415        0x1 Sketch.o
                0x00800415                previousStartPosition
 .bss._Serial_Commands
                0x00800416        0x1 Sketch.o
                0x00800416                _Serial_Commands
 .bss._Math_Helpers
                0x00800417        0x1 Sketch.o
                0x00800417                _Math_Helpers
 .bss.Serial    0x00800418       0x9d C:\Users\Anthony\DOCUME~1\GitHub\SPOOLE~1\traverse\ATMELS~1\SPOOLE~1\ARDUIN~1\Debug\libArduinoCore.a(HardwareSerial0.o)
                0x00800418                Serial
 .bss.timer0_fract
                0x008004b5        0x1 C:\Users\Anthony\DOCUME~1\GitHub\SPOOLE~1\traverse\ATMELS~1\SPOOLE~1\ARDUIN~1\Debug\libArduinoCore.a(wiring.o)
 .bss.timer0_millis
                0x008004b6        0x4 C:\Users\Anthony\DOCUME~1\GitHub\SPOOLE~1\traverse\ATMELS~1\SPOOLE~1\ARDUIN~1\Debug\libArduinoCore.a(wiring.o)
                0x008004b6                timer0_millis
 .bss.timer0_overflow_count
                0x008004ba        0x4 C:\Users\Anthony\DOCUME~1\GitHub\SPOOLE~1\traverse\ATMELS~1\SPOOLE~1\ARDUIN~1\Debug\libArduinoCore.a(wiring.o)
                0x008004ba                timer0_overflow_count
 *(COMMON)
 COMMON         0x008004be        0x2 c:/program files (x86)/atmel/studio/7.0/toolchain/avr8/avr8-gnu-toolchain/bin/../lib/gcc/avr/5.4.0/../../../../avr/lib/avr5\libc.a(errno.o)
                0x008004be                errno
                0x008004c0                PROVIDE (__bss_end, .)
                0x000045b8                __data_load_start = LOADADDR (.data)
                0x0000485c                __data_load_end = (__data_load_start + SIZEOF (.data))

.noinit         0x008004c0        0x0
                [!provide]                PROVIDE (__noinit_start, .)
 *(.noinit*)
                [!provide]                PROVIDE (__noinit_end, .)
                0x008004c0                _end = .
                0x008004c0                PROVIDE (__heap_start, .)

.eeprom         0x00810000        0x0
 *(.eeprom*)
                0x00810000                __eeprom_end = .

.fuse
 *(.fuse)
 *(.lfuse)
 *(.hfuse)
 *(.efuse)

.lock
 *(.lock*)

.signature
 *(.signature*)

.user_signatures
 *(.user_signatures*)

.stab
 *(.stab)

.stabstr
 *(.stabstr)

.stab.excl
 *(.stab.excl)

.stab.exclstr
 *(.stab.exclstr)

.stab.index
 *(.stab.index)

.stab.indexstr
 *(.stab.indexstr)

.comment        0x00000000       0x5c
 *(.comment)
 .comment       0x00000000       0x30 ADC_Configuration.o
                                 0x31 (size before relaxing)
 .comment       0x00000030       0x31 Math_Helpers.o
 .comment       0x00000030       0x31 Serial_Commands.o
 .comment       0x00000030       0x31 Serial_Processing.o
 .comment       0x00000030       0x31 Sketch.o
 .comment       0x00000030       0x31 Step_Output_Configuration.o
 .comment       0x00000030       0x31 C:\Users\Anthony\DOCUME~1\GitHub\SPOOLE~1\traverse\ATMELS~1\SPOOLE~1\ARDUIN~1\Debug\libArduinoCore.a(HardwareSerial.o)
 .comment       0x00000030       0x31 C:\Users\Anthony\DOCUME~1\GitHub\SPOOLE~1\traverse\ATMELS~1\SPOOLE~1\ARDUIN~1\Debug\libArduinoCore.a(HardwareSerial0.o)
 .comment       0x00000030       0x31 C:\Users\Anthony\DOCUME~1\GitHub\SPOOLE~1\traverse\ATMELS~1\SPOOLE~1\ARDUIN~1\Debug\libArduinoCore.a(main.o)
 .comment       0x00000030       0x31 C:\Users\Anthony\DOCUME~1\GitHub\SPOOLE~1\traverse\ATMELS~1\SPOOLE~1\ARDUIN~1\Debug\libArduinoCore.a(Print.o)
 .comment       0x00000030       0x31 C:\Users\Anthony\DOCUME~1\GitHub\SPOOLE~1\traverse\ATMELS~1\SPOOLE~1\ARDUIN~1\Debug\libArduinoCore.a(Stream.o)
 .comment       0x00000030       0x31 C:\Users\Anthony\DOCUME~1\GitHub\SPOOLE~1\traverse\ATMELS~1\SPOOLE~1\ARDUIN~1\Debug\libArduinoCore.a(wiring.o)
 .comment       0x00000030       0x31 C:\Users\Anthony\DOCUME~1\GitHub\SPOOLE~1\traverse\ATMELS~1\SPOOLE~1\ARDUIN~1\Debug\libArduinoCore.a(wiring_digital.o)
 .comment       0x00000030       0x31 c:/program files (x86)/atmel/studio/7.0/toolchain/avr8/avr8-gnu-toolchain/bin/../lib/gcc/avr/5.4.0/../../../../avr/lib/avr5\libc.a(strtol.o)
 .comment       0x00000030       0x31 c:/program files (x86)/atmel/studio/7.0/toolchain/avr8/avr8-gnu-toolchain/bin/../lib/gcc/avr/5.4.0/../../../../avr/lib/avr5\libc.a(strtok.o)
 .comment       0x00000030       0x31 c:/program files (x86)/atmel/studio/7.0/toolchain/avr8/avr8-gnu-toolchain/bin/../lib/gcc/avr/5.4.0/../../../../avr/lib/avr5\libc.a(sprintf.o)
 .comment       0x00000030       0x2c c:/program files (x86)/atmel/studio/7.0/toolchain/avr8/avr8-gnu-toolchain/bin/../lib/gcc/avr/5.4.0/../../../../avr/lib/avr5\libc.a(vfprintf_std.o)
                                 0x2d (size before relaxing)
 .comment       0x0000005c       0x2d c:/program files (x86)/atmel/studio/7.0/toolchain/avr8/avr8-gnu-toolchain/bin/../lib/gcc/avr/5.4.0/../../../../avr/lib/avr5\libc.a(errno.o)
 .comment       0x0000005c       0x31 c:/program files (x86)/atmel/studio/7.0/toolchain/avr8/avr8-gnu-toolchain/bin/../lib/gcc/avr/5.4.0/../../../../avr/lib/avr5\libc.a(fputc.o)

.note.gnu.avr.deviceinfo
                0x00000000       0x40
 .note.gnu.avr.deviceinfo
                0x00000000       0x40 C:/Program Files (x86)/Atmel/Studio/7.0/Packs/atmel/ATmega_DFP/1.2.209/gcc/dev/atmega328p/avr5/crtatmega328p.o

.note.gnu.build-id
 *(.note.gnu.build-id)

.debug
 *(.debug)

.line
 *(.line)

.debug_srcinfo
 *(.debug_srcinfo)

.debug_sfnames
 *(.debug_sfnames)

.debug_aranges  0x00000000      0x570
 *(.debug_aranges)
 .debug_aranges
                0x00000000       0x30 ADC_Configuration.o
 .debug_aranges
                0x00000030       0x30 Math_Helpers.o
 .debug_aranges
                0x00000060       0xc0 Serial_Commands.o
 .debug_aranges
                0x00000120       0x48 Serial_Processing.o
 .debug_aranges
                0x00000168       0xe0 Sketch.o
 .debug_aranges
                0x00000248       0x30 Step_Output_Configuration.o
 .debug_aranges
                0x00000278       0x68 C:\Users\Anthony\DOCUME~1\GitHub\SPOOLE~1\traverse\ATMELS~1\SPOOLE~1\ARDUIN~1\Debug\libArduinoCore.a(HardwareSerial.o)
 .debug_aranges
                0x000002e0       0x48 C:\Users\Anthony\DOCUME~1\GitHub\SPOOLE~1\traverse\ATMELS~1\SPOOLE~1\ARDUIN~1\Debug\libArduinoCore.a(HardwareSerial0.o)
 .debug_aranges
                0x00000328       0x30 C:\Users\Anthony\DOCUME~1\GitHub\SPOOLE~1\traverse\ATMELS~1\SPOOLE~1\ARDUIN~1\Debug\libArduinoCore.a(main.o)
 .debug_aranges
                0x00000358      0x100 C:\Users\Anthony\DOCUME~1\GitHub\SPOOLE~1\traverse\ATMELS~1\SPOOLE~1\ARDUIN~1\Debug\libArduinoCore.a(Print.o)
 .debug_aranges
                0x00000458       0x98 C:\Users\Anthony\DOCUME~1\GitHub\SPOOLE~1\traverse\ATMELS~1\SPOOLE~1\ARDUIN~1\Debug\libArduinoCore.a(Stream.o)
 .debug_aranges
                0x000004f0       0x48 C:\Users\Anthony\DOCUME~1\GitHub\SPOOLE~1\traverse\ATMELS~1\SPOOLE~1\ARDUIN~1\Debug\libArduinoCore.a(wiring.o)
 .debug_aranges
                0x00000538       0x38 C:\Users\Anthony\DOCUME~1\GitHub\SPOOLE~1\traverse\ATMELS~1\SPOOLE~1\ARDUIN~1\Debug\libArduinoCore.a(wiring_digital.o)

.debug_pubnames
 *(.debug_pubnames)

.debug_info     0x00000000     0xcde0
 *(.debug_info .gnu.linkonce.wi.*)
 .debug_info    0x00000000      0x5f4 C:/Program Files (x86)/Atmel/Studio/7.0/Packs/atmel/ATmega_DFP/1.2.209/gcc/dev/atmega328p/avr5/crtatmega328p.o
 .debug_info    0x000005f4      0x313 ADC_Configuration.o
 .debug_info    0x00000907      0x402 Math_Helpers.o
 .debug_info    0x00000d09     0x1147 Serial_Commands.o
 .debug_info    0x00001e50      0x72f Serial_Processing.o
 .debug_info    0x0000257f     0x1582 Sketch.o
 .debug_info    0x00003b01      0x308 Step_Output_Configuration.o
 .debug_info    0x00003e09     0x1f64 C:\Users\Anthony\DOCUME~1\GitHub\SPOOLE~1\traverse\ATMELS~1\SPOOLE~1\ARDUIN~1\Debug\libArduinoCore.a(HardwareSerial.o)
 .debug_info    0x00005d6d     0x1b16 C:\Users\Anthony\DOCUME~1\GitHub\SPOOLE~1\traverse\ATMELS~1\SPOOLE~1\ARDUIN~1\Debug\libArduinoCore.a(HardwareSerial0.o)
 .debug_info    0x00007883      0x237 C:\Users\Anthony\DOCUME~1\GitHub\SPOOLE~1\traverse\ATMELS~1\SPOOLE~1\ARDUIN~1\Debug\libArduinoCore.a(main.o)
 .debug_info    0x00007aba     0x28ff C:\Users\Anthony\DOCUME~1\GitHub\SPOOLE~1\traverse\ATMELS~1\SPOOLE~1\ARDUIN~1\Debug\libArduinoCore.a(Print.o)
 .debug_info    0x0000a3b9     0x215e C:\Users\Anthony\DOCUME~1\GitHub\SPOOLE~1\traverse\ATMELS~1\SPOOLE~1\ARDUIN~1\Debug\libArduinoCore.a(Stream.o)
 .debug_info    0x0000c517      0x2cb C:\Users\Anthony\DOCUME~1\GitHub\SPOOLE~1\traverse\ATMELS~1\SPOOLE~1\ARDUIN~1\Debug\libArduinoCore.a(wiring.o)
 .debug_info    0x0000c7e2      0x5fe C:\Users\Anthony\DOCUME~1\GitHub\SPOOLE~1\traverse\ATMELS~1\SPOOLE~1\ARDUIN~1\Debug\libArduinoCore.a(wiring_digital.o)

.debug_abbrev   0x00000000     0x28bd
 *(.debug_abbrev)
 .debug_abbrev  0x00000000      0x5a2 C:/Program Files (x86)/Atmel/Studio/7.0/Packs/atmel/ATmega_DFP/1.2.209/gcc/dev/atmega328p/avr5/crtatmega328p.o
 .debug_abbrev  0x000005a2      0x158 ADC_Configuration.o
 .debug_abbrev  0x000006fa      0x17e Math_Helpers.o
 .debug_abbrev  0x00000878      0x352 Serial_Commands.o
 .debug_abbrev  0x00000bca      0x261 Serial_Processing.o
 .debug_abbrev  0x00000e2b      0x3e6 Sketch.o
 .debug_abbrev  0x00001211      0x158 Step_Output_Configuration.o
 .debug_abbrev  0x00001369      0x4b7 C:\Users\Anthony\DOCUME~1\GitHub\SPOOLE~1\traverse\ATMELS~1\SPOOLE~1\ARDUIN~1\Debug\libArduinoCore.a(HardwareSerial.o)
 .debug_abbrev  0x00001820      0x3ce C:\Users\Anthony\DOCUME~1\GitHub\SPOOLE~1\traverse\ATMELS~1\SPOOLE~1\ARDUIN~1\Debug\libArduinoCore.a(HardwareSerial0.o)
 .debug_abbrev  0x00001bee      0x12d C:\Users\Anthony\DOCUME~1\GitHub\SPOOLE~1\traverse\ATMELS~1\SPOOLE~1\ARDUIN~1\Debug\libArduinoCore.a(main.o)
 .debug_abbrev  0x00001d1b      0x47a C:\Users\Anthony\DOCUME~1\GitHub\SPOOLE~1\traverse\ATMELS~1\SPOOLE~1\ARDUIN~1\Debug\libArduinoCore.a(Print.o)
 .debug_abbrev  0x00002195      0x487 C:\Users\Anthony\DOCUME~1\GitHub\SPOOLE~1\traverse\ATMELS~1\SPOOLE~1\ARDUIN~1\Debug\libArduinoCore.a(Stream.o)
 .debug_abbrev  0x0000261c      0x146 C:\Users\Anthony\DOCUME~1\GitHub\SPOOLE~1\traverse\ATMELS~1\SPOOLE~1\ARDUIN~1\Debug\libArduinoCore.a(wiring.o)
 .debug_abbrev  0x00002762      0x15b C:\Users\Anthony\DOCUME~1\GitHub\SPOOLE~1\traverse\ATMELS~1\SPOOLE~1\ARDUIN~1\Debug\libArduinoCore.a(wiring_digital.o)

.debug_line     0x00000000     0x3bc2
 *(.debug_line .debug_line.* .debug_line_end)
 .debug_line    0x00000000      0x133 C:/Program Files (x86)/Atmel/Studio/7.0/Packs/atmel/ATmega_DFP/1.2.209/gcc/dev/atmega328p/avr5/crtatmega328p.o
 .debug_line    0x00000133      0x170 ADC_Configuration.o
 .debug_line    0x000002a3      0x21c Math_Helpers.o
 .debug_line    0x000004bf      0x86f Serial_Commands.o
 .debug_line    0x00000d2e      0x376 Serial_Processing.o
 .debug_line    0x000010a4      0xf7c Sketch.o
 .debug_line    0x00002020      0x186 Step_Output_Configuration.o
 .debug_line    0x000021a6      0x4c4 C:\Users\Anthony\DOCUME~1\GitHub\SPOOLE~1\traverse\ATMELS~1\SPOOLE~1\ARDUIN~1\Debug\libArduinoCore.a(HardwareSerial.o)
 .debug_line    0x0000266a      0x28c C:\Users\Anthony\DOCUME~1\GitHub\SPOOLE~1\traverse\ATMELS~1\SPOOLE~1\ARDUIN~1\Debug\libArduinoCore.a(HardwareSerial0.o)
 .debug_line    0x000028f6      0x165 C:\Users\Anthony\DOCUME~1\GitHub\SPOOLE~1\traverse\ATMELS~1\SPOOLE~1\ARDUIN~1\Debug\libArduinoCore.a(main.o)
 .debug_line    0x00002a5b      0x685 C:\Users\Anthony\DOCUME~1\GitHub\SPOOLE~1\traverse\ATMELS~1\SPOOLE~1\ARDUIN~1\Debug\libArduinoCore.a(Print.o)
 .debug_line    0x000030e0      0x5f7 C:\Users\Anthony\DOCUME~1\GitHub\SPOOLE~1\traverse\ATMELS~1\SPOOLE~1\ARDUIN~1\Debug\libArduinoCore.a(Stream.o)
 .debug_line    0x000036d7      0x299 C:\Users\Anthony\DOCUME~1\GitHub\SPOOLE~1\traverse\ATMELS~1\SPOOLE~1\ARDUIN~1\Debug\libArduinoCore.a(wiring.o)
 .debug_line    0x00003970      0x252 C:\Users\Anthony\DOCUME~1\GitHub\SPOOLE~1\traverse\ATMELS~1\SPOOLE~1\ARDUIN~1\Debug\libArduinoCore.a(wiring_digital.o)

.debug_frame    0x00000000     0x14ec
 *(.debug_frame)
 .debug_frame   0x00000000       0x74 ADC_Configuration.o
 .debug_frame   0x00000074       0xa8 Math_Helpers.o
 .debug_frame   0x0000011c      0x324 Serial_Commands.o
 .debug_frame   0x00000440       0xe0 Serial_Processing.o
 .debug_frame   0x00000520      0x544 Sketch.o
 .debug_frame   0x00000a64       0x74 Step_Output_Configuration.o
 .debug_frame   0x00000ad8      0x110 C:\Users\Anthony\DOCUME~1\GitHub\SPOOLE~1\traverse\ATMELS~1\SPOOLE~1\ARDUIN~1\Debug\libArduinoCore.a(HardwareSerial.o)
 .debug_frame   0x00000be8       0xe0 C:\Users\Anthony\DOCUME~1\GitHub\SPOOLE~1\traverse\ATMELS~1\SPOOLE~1\ARDUIN~1\Debug\libArduinoCore.a(HardwareSerial0.o)
 .debug_frame   0x00000cc8       0x54 C:\Users\Anthony\DOCUME~1\GitHub\SPOOLE~1\traverse\ATMELS~1\SPOOLE~1\ARDUIN~1\Debug\libArduinoCore.a(main.o)
 .debug_frame   0x00000d1c      0x3ac C:\Users\Anthony\DOCUME~1\GitHub\SPOOLE~1\traverse\ATMELS~1\SPOOLE~1\ARDUIN~1\Debug\libArduinoCore.a(Print.o)
 .debug_frame   0x000010c8      0x2e4 C:\Users\Anthony\DOCUME~1\GitHub\SPOOLE~1\traverse\ATMELS~1\SPOOLE~1\ARDUIN~1\Debug\libArduinoCore.a(Stream.o)
 .debug_frame   0x000013ac       0xc4 C:\Users\Anthony\DOCUME~1\GitHub\SPOOLE~1\traverse\ATMELS~1\SPOOLE~1\ARDUIN~1\Debug\libArduinoCore.a(wiring.o)
 .debug_frame   0x00001470       0x7c C:\Users\Anthony\DOCUME~1\GitHub\SPOOLE~1\traverse\ATMELS~1\SPOOLE~1\ARDUIN~1\Debug\libArduinoCore.a(wiring_digital.o)

.debug_str      0x00000000     0x3325
 *(.debug_str)
 .debug_str     0x00000000      0x208 C:/Program Files (x86)/Atmel/Studio/7.0/Packs/atmel/ATmega_DFP/1.2.209/gcc/dev/atmega328p/avr5/crtatmega328p.o
 .debug_str     0x00000208      0x350 ADC_Configuration.o
                                0x3a7 (size before relaxing)
 .debug_str     0x00000558      0x160 Math_Helpers.o
                                0x3f8 (size before relaxing)
 .debug_str     0x000006b8      0x773 Serial_Commands.o
                                0xa86 (size before relaxing)
 .debug_str     0x00000e2b       0x62 Serial_Processing.o
                                0x5e3 (size before relaxing)
 .debug_str     0x00000e8d      0x8b4 Sketch.o
                                0xff0 (size before relaxing)
 .debug_str     0x00001741       0x69 Step_Output_Configuration.o
                                0x3fd (size before relaxing)
 .debug_str     0x000017aa     0x1465 C:\Users\Anthony\DOCUME~1\GitHub\SPOOLE~1\traverse\ATMELS~1\SPOOLE~1\ARDUIN~1\Debug\libArduinoCore.a(HardwareSerial.o)
                               0x1640 (size before relaxing)
 .debug_str     0x00002c0f       0x86 C:\Users\Anthony\DOCUME~1\GitHub\SPOOLE~1\traverse\ATMELS~1\SPOOLE~1\ARDUIN~1\Debug\libArduinoCore.a(HardwareSerial0.o)
                               0x1433 (size before relaxing)
 .debug_str     0x00002c95       0x37 C:\Users\Anthony\DOCUME~1\GitHub\SPOOLE~1\traverse\ATMELS~1\SPOOLE~1\ARDUIN~1\Debug\libArduinoCore.a(main.o)
                                0x2df (size before relaxing)
 .debug_str     0x00002ccc      0x3d8 C:\Users\Anthony\DOCUME~1\GitHub\SPOOLE~1\traverse\ATMELS~1\SPOOLE~1\ARDUIN~1\Debug\libArduinoCore.a(Print.o)
                               0x126d (size before relaxing)
 .debug_str     0x000030a4       0x97 C:\Users\Anthony\DOCUME~1\GitHub\SPOOLE~1\traverse\ATMELS~1\SPOOLE~1\ARDUIN~1\Debug\libArduinoCore.a(Stream.o)
                               0x1291 (size before relaxing)
 .debug_str     0x0000313b      0x159 C:\Users\Anthony\DOCUME~1\GitHub\SPOOLE~1\traverse\ATMELS~1\SPOOLE~1\ARDUIN~1\Debug\libArduinoCore.a(wiring.o)
                                0x275 (size before relaxing)
 .debug_str     0x00003294       0x91 C:\Users\Anthony\DOCUME~1\GitHub\SPOOLE~1\traverse\ATMELS~1\SPOOLE~1\ARDUIN~1\Debug\libArduinoCore.a(wiring_digital.o)
                                0x2da (size before relaxing)

.debug_loc      0x00000000     0x57ba
 *(.debug_loc)
 .debug_loc     0x00000000       0xcb ADC_Configuration.o
 .debug_loc     0x000000cb      0x159 Math_Helpers.o
 .debug_loc     0x00000224      0x6ce Serial_Commands.o
 .debug_loc     0x000008f2      0x1c8 Serial_Processing.o
 .debug_loc     0x00000aba      0xbeb Sketch.o
 .debug_loc     0x000016a5       0xcb Step_Output_Configuration.o
 .debug_loc     0x00001770      0x4dc C:\Users\Anthony\DOCUME~1\GitHub\SPOOLE~1\traverse\ATMELS~1\SPOOLE~1\ARDUIN~1\Debug\libArduinoCore.a(HardwareSerial.o)
 .debug_loc     0x00001c4c      0x1b0 C:\Users\Anthony\DOCUME~1\GitHub\SPOOLE~1\traverse\ATMELS~1\SPOOLE~1\ARDUIN~1\Debug\libArduinoCore.a(HardwareSerial0.o)
 .debug_loc     0x00001dfc     0x1c87 C:\Users\Anthony\DOCUME~1\GitHub\SPOOLE~1\traverse\ATMELS~1\SPOOLE~1\ARDUIN~1\Debug\libArduinoCore.a(Print.o)
 .debug_loc     0x00003a83     0x14ae C:\Users\Anthony\DOCUME~1\GitHub\SPOOLE~1\traverse\ATMELS~1\SPOOLE~1\ARDUIN~1\Debug\libArduinoCore.a(Stream.o)
 .debug_loc     0x00004f31      0x28d C:\Users\Anthony\DOCUME~1\GitHub\SPOOLE~1\traverse\ATMELS~1\SPOOLE~1\ARDUIN~1\Debug\libArduinoCore.a(wiring.o)
 .debug_loc     0x000051be      0x5fc C:\Users\Anthony\DOCUME~1\GitHub\SPOOLE~1\traverse\ATMELS~1\SPOOLE~1\ARDUIN~1\Debug\libArduinoCore.a(wiring_digital.o)

.debug_macinfo
 *(.debug_macinfo)

.debug_weaknames
 *(.debug_weaknames)

.debug_funcnames
 *(.debug_funcnames)

.debug_typenames
 *(.debug_typenames)

.debug_varnames
 *(.debug_varnames)

.debug_pubtypes
 *(.debug_pubtypes)

.debug_ranges   0x00000000      0x500
 *(.debug_ranges)
 .debug_ranges  0x00000000       0x20 ADC_Configuration.o
 .debug_ranges  0x00000020       0x20 Math_Helpers.o
 .debug_ranges  0x00000040       0xb0 Serial_Commands.o
 .debug_ranges  0x000000f0       0x38 Serial_Processing.o
 .debug_ranges  0x00000128       0xd0 Sketch.o
 .debug_ranges  0x000001f8       0x20 Step_Output_Configuration.o
 .debug_ranges  0x00000218       0x58 C:\Users\Anthony\DOCUME~1\GitHub\SPOOLE~1\traverse\ATMELS~1\SPOOLE~1\ARDUIN~1\Debug\libArduinoCore.a(HardwareSerial.o)
 .debug_ranges  0x00000270       0x38 C:\Users\Anthony\DOCUME~1\GitHub\SPOOLE~1\traverse\ATMELS~1\SPOOLE~1\ARDUIN~1\Debug\libArduinoCore.a(HardwareSerial0.o)
 .debug_ranges  0x000002a8       0x20 C:\Users\Anthony\DOCUME~1\GitHub\SPOOLE~1\traverse\ATMELS~1\SPOOLE~1\ARDUIN~1\Debug\libArduinoCore.a(main.o)
 .debug_ranges  0x000002c8      0x120 C:\Users\Anthony\DOCUME~1\GitHub\SPOOLE~1\traverse\ATMELS~1\SPOOLE~1\ARDUIN~1\Debug\libArduinoCore.a(Print.o)
 .debug_ranges  0x000003e8       0xb8 C:\Users\Anthony\DOCUME~1\GitHub\SPOOLE~1\traverse\ATMELS~1\SPOOLE~1\ARDUIN~1\Debug\libArduinoCore.a(Stream.o)
 .debug_ranges  0x000004a0       0x38 C:\Users\Anthony\DOCUME~1\GitHub\SPOOLE~1\traverse\ATMELS~1\SPOOLE~1\ARDUIN~1\Debug\libArduinoCore.a(wiring.o)
 .debug_ranges  0x000004d8       0x28 C:\Users\Anthony\DOCUME~1\GitHub\SPOOLE~1\traverse\ATMELS~1\SPOOLE~1\ARDUIN~1\Debug\libArduinoCore.a(wiring_digital.o)

.debug_macro
 *(.debug_macro)
OUTPUT(traverse.elf elf32-avr)
LOAD linker stubs
